Collecting transformer_engine==2.3.0 (from transformer_engine[pytorch]==2.3.0)
  Using cached transformer_engine-2.3.0-py3-none-any.whl.metadata (19 kB)
Collecting transformer_engine_cu12==2.3.0 (from transformer_engine==2.3.0->transformer_engine[pytorch]==2.3.0)
  Using cached transformer_engine_cu12-2.3.0-py3-none-manylinux_2_28_x86_64.whl.metadata (19 kB)
Collecting pydantic (from transformer_engine_cu12==2.3.0->transformer_engine==2.3.0->transformer_engine[pytorch]==2.3.0)
  Using cached pydantic-2.13.4-py3-none-any.whl.metadata (109 kB)
Collecting importlib-metadata>=1.0 (from transformer_engine_cu12==2.3.0->transformer_engine==2.3.0->transformer_engine[pytorch]==2.3.0)
  Using cached importlib_metadata-9.0.0-py3-none-any.whl.metadata (4.5 kB)
Requirement already satisfied: packaging in ./.venv_evo2cu128/lib/python3.11/site-packages (from transformer_engine_cu12==2.3.0->transformer_engine==2.3.0->transformer_engine[pytorch]==2.3.0) (26.2)
Collecting transformer_engine_torch==2.3.0 (from transformer_engine[pytorch]==2.3.0)
  Using cached transformer_engine_torch-2.3.0.tar.gz (165 kB)
  Preparing metadata (pyproject.toml): started
  Preparing metadata (pyproject.toml): finished with status 'done'
Requirement already satisfied: torch in ./.venv_evo2cu128/lib/python3.11/site-packages (from transformer_engine_torch==2.3.0->transformer_engine[pytorch]==2.3.0) (2.7.1+cu128)
Collecting zipp>=3.20 (from importlib-metadata>=1.0->transformer_engine_cu12==2.3.0->transformer_engine==2.3.0->transformer_engine[pytorch]==2.3.0)
  Downloading zipp-4.1.0-py3-none-any.whl.metadata (3.6 kB)
Collecting annotated-types>=0.6.0 (from pydantic->transformer_engine_cu12==2.3.0->transformer_engine==2.3.0->transformer_engine[pytorch]==2.3.0)
  Downloading annotated_types-0.7.0-py3-none-any.whl.metadata (15 kB)
Collecting pydantic-core==2.46.4 (from pydantic->transformer_engine_cu12==2.3.0->transformer_engine==2.3.0->transformer_engine[pytorch]==2.3.0)
  Downloading pydantic_core-2.46.4-cp311-cp311-manylinux_2_17_x86_64.manylinux2014_x86_64.whl.metadata (6.6 kB)
Requirement already satisfied: typing-extensions>=4.14.1 in ./.venv_evo2cu128/lib/python3.11/site-packages (from pydantic->transformer_engine_cu12==2.3.0->transformer_engine==2.3.0->transformer_engine[pytorch]==2.3.0) (4.16.0)
Collecting typing-inspection>=0.4.2 (from pydantic->transformer_engine_cu12==2.3.0->transformer_engine==2.3.0->transformer_engine[pytorch]==2.3.0)
  Downloading typing_inspection-0.4.2-py3-none-any.whl.metadata (2.6 kB)
Requirement already satisfied: filelock in ./.venv_evo2cu128/lib/python3.11/site-packages (from torch->transformer_engine_torch==2.3.0->transformer_engine[pytorch]==2.3.0) (3.29.6)
Requirement already satisfied: sympy>=1.13.3 in ./.venv_evo2cu128/lib/python3.11/site-packages (from torch->transformer_engine_torch==2.3.0->transformer_engine[pytorch]==2.3.0) (1.14.0)
Requirement already satisfied: networkx in ./.venv_evo2cu128/lib/python3.11/site-packages (from torch->transformer_engine_torch==2.3.0->transformer_engine[pytorch]==2.3.0) (3.6.1)
Requirement already satisfied: jinja2 in ./.venv_evo2cu128/lib/python3.11/site-packages (from torch->transformer_engine_torch==2.3.0->transformer_engine[pytorch]==2.3.0) (3.1.6)
Requirement already satisfied: fsspec in ./.venv_evo2cu128/lib/python3.11/site-packages (from torch->transformer_engine_torch==2.3.0->transformer_engine[pytorch]==2.3.0) (2026.6.0)
Requirement already satisfied: nvidia-cuda-nvrtc-cu12==12.8.61 in ./.venv_evo2cu128/lib/python3.11/site-packages (from torch->transformer_engine_torch==2.3.0->transformer_engine[pytorch]==2.3.0) (12.8.61)
Requirement already satisfied: nvidia-cuda-runtime-cu12==12.8.57 in ./.venv_evo2cu128/lib/python3.11/site-packages (from torch->transformer_engine_torch==2.3.0->transformer_engine[pytorch]==2.3.0) (12.8.57)
Requirement already satisfied: nvidia-cuda-cupti-cu12==12.8.57 in ./.venv_evo2cu128/lib/python3.11/site-packages (from torch->transformer_engine_torch==2.3.0->transformer_engine[pytorch]==2.3.0) (12.8.57)
Requirement already satisfied: nvidia-cudnn-cu12==9.7.1.26 in ./.venv_evo2cu128/lib/python3.11/site-packages (from torch->transformer_engine_torch==2.3.0->transformer_engine[pytorch]==2.3.0) (9.7.1.26)
Requirement already satisfied: nvidia-cublas-cu12==12.8.3.14 in ./.venv_evo2cu128/lib/python3.11/site-packages (from torch->transformer_engine_torch==2.3.0->transformer_engine[pytorch]==2.3.0) (12.8.3.14)
Requirement already satisfied: nvidia-cufft-cu12==11.3.3.41 in ./.venv_evo2cu128/lib/python3.11/site-packages (from torch->transformer_engine_torch==2.3.0->transformer_engine[pytorch]==2.3.0) (11.3.3.41)
Requirement already satisfied: nvidia-curand-cu12==10.3.9.55 in ./.venv_evo2cu128/lib/python3.11/site-packages (from torch->transformer_engine_torch==2.3.0->transformer_engine[pytorch]==2.3.0) (10.3.9.55)
Requirement already satisfied: nvidia-cusolver-cu12==11.7.2.55 in ./.venv_evo2cu128/lib/python3.11/site-packages (from torch->transformer_engine_torch==2.3.0->transformer_engine[pytorch]==2.3.0) (11.7.2.55)
Requirement already satisfied: nvidia-cusparse-cu12==12.5.7.53 in ./.venv_evo2cu128/lib/python3.11/site-packages (from torch->transformer_engine_torch==2.3.0->transformer_engine[pytorch]==2.3.0) (12.5.7.53)
Requirement already satisfied: nvidia-cusparselt-cu12==0.6.3 in ./.venv_evo2cu128/lib/python3.11/site-packages (from torch->transformer_engine_torch==2.3.0->transformer_engine[pytorch]==2.3.0) (0.6.3)
Requirement already satisfied: nvidia-nccl-cu12==2.26.2 in ./.venv_evo2cu128/lib/python3.11/site-packages (from torch->transformer_engine_torch==2.3.0->transformer_engine[pytorch]==2.3.0) (2.26.2)
Requirement already satisfied: nvidia-nvtx-cu12==12.8.55 in ./.venv_evo2cu128/lib/python3.11/site-packages (from torch->transformer_engine_torch==2.3.0->transformer_engine[pytorch]==2.3.0) (12.8.55)
Requirement already satisfied: nvidia-nvjitlink-cu12==12.8.61 in ./.venv_evo2cu128/lib/python3.11/site-packages (from torch->transformer_engine_torch==2.3.0->transformer_engine[pytorch]==2.3.0) (12.8.61)
Requirement already satisfied: nvidia-cufile-cu12==1.13.0.11 in ./.venv_evo2cu128/lib/python3.11/site-packages (from torch->transformer_engine_torch==2.3.0->transformer_engine[pytorch]==2.3.0) (1.13.0.11)
Requirement already satisfied: triton==3.3.1 in ./.venv_evo2cu128/lib/python3.11/site-packages (from torch->transformer_engine_torch==2.3.0->transformer_engine[pytorch]==2.3.0) (3.3.1)
Requirement already satisfied: setuptools>=40.8.0 in ./.venv_evo2cu128/lib/python3.11/site-packages (from triton==3.3.1->torch->transformer_engine_torch==2.3.0->transformer_engine[pytorch]==2.3.0) (83.0.0)
Requirement already satisfied: mpmath<1.4,>=1.1.0 in ./.venv_evo2cu128/lib/python3.11/site-packages (from sympy>=1.13.3->torch->transformer_engine_torch==2.3.0->transformer_engine[pytorch]==2.3.0) (1.3.0)
Requirement already satisfied: MarkupSafe>=2.0 in ./.venv_evo2cu128/lib/python3.11/site-packages (from jinja2->torch->transformer_engine_torch==2.3.0->transformer_engine[pytorch]==2.3.0) (3.0.3)
Downloading transformer_engine-2.3.0-py3-none-any.whl (486 kB)
Downloading transformer_engine_cu12-2.3.0-py3-none-manylinux_2_28_x86_64.whl (266.4 MB)
   ━━━━━━━━━━━━━━━━━━━━━━━━━━━━━━━━━━━━━━━━ 266.4/266.4 MB 3.4 MB/s  0:01:15
Downloading importlib_metadata-9.0.0-py3-none-any.whl (27 kB)
Downloading zipp-4.1.0-py3-none-any.whl (10 kB)
Downloading pydantic-2.13.4-py3-none-any.whl (472 kB)
Downloading pydantic_core-2.46.4-cp311-cp311-manylinux_2_17_x86_64.manylinux2014_x86_64.whl (2.1 MB)
   ━━━━━━━━━━━━━━━━━━━━━━━━━━━━━━━━━━━━━━━━ 2.1/2.1 MB 244.0 MB/s  0:00:00
Downloading annotated_types-0.7.0-py3-none-any.whl (13 kB)
Downloading typing_inspection-0.4.2-py3-none-any.whl (14 kB)
Building wheels for collected packages: transformer_engine_torch
  Building wheel for transformer_engine_torch (pyproject.toml): started
  Building wheel for transformer_engine_torch (pyproject.toml): finished with status 'error'
  error: subprocess-exited-with-error
  
  × Building wheel for transformer_engine_torch (pyproject.toml) did not run successfully.
  │ exit code: 1
  ╰─> [265 lines of output]
      <repo>/.venv_evo2cu128/lib/python3.11/site-packages/setuptools/_distutils/dist.py:288: UserWarning: Unknown distribution option: 'tests_require'
        warnings.warn(msg)
      running bdist_wheel
      running build
      running build_ext
      <repo>/.venv_evo2cu128/lib/python3.11/site-packages/torch/utils/cpp_extension.py:480: UserWarning: The detected CUDA version (12.4) has a minor version mismatch with the version that was used to compile PyTorch (12.8). Most likely this shouldn't be a problem.
        warnings.warn(CUDA_MISMATCH_WARN.format(cuda_str_version, torch.version.cuda))
      <repo>/.venv_evo2cu128/lib/python3.11/site-packages/torch/utils/cpp_extension.py:490: UserWarning: There are no x86_64-linux-gnu-g++ version bounds defined for CUDA version 12.4
        warnings.warn(f'There are no {compiler_name} version bounds defined for CUDA version {cuda_str_version}')
      building 'transformer_engine_torch' extension
      creating /tmp/pip-install-vvo2gusr/transformer-engine-torch_aaa5a075d9804424a588982d20795a6e/build/temp.linux-x86_64-cpython-311/csrc
      creating /tmp/pip-install-vvo2gusr/transformer-engine-torch_aaa5a075d9804424a588982d20795a6e/build/temp.linux-x86_64-cpython-311/csrc/extensions
      creating /tmp/pip-install-vvo2gusr/transformer-engine-torch_aaa5a075d9804424a588982d20795a6e/build/temp.linux-x86_64-cpython-311/csrc/extensions/multi_tensor
      Emitting ninja build file /tmp/pip-install-vvo2gusr/transformer-engine-torch_aaa5a075d9804424a588982d20795a6e/build/temp.linux-x86_64-cpython-311/build.ninja...
      Compiling objects...
      Using envvar MAX_JOBS (16) as the number of workers...
      [1/25] c++ -MMD -MF /tmp/pip-install-vvo2gusr/transformer-engine-torch_aaa5a075d9804424a588982d20795a6e/build/temp.linux-x86_64-cpython-311/csrc/extensions/normalization.o.d -Wsign-compare -DNDEBUG -g -fwrapv -O2 -Wall -g -fstack-protector-strong -Wformat -Werror=format-security -g -fwrapv -O2 -fPIC -I/tmp/pip-install-vvo2gusr/transformer-engine-torch_aaa5a075d9804424a588982d20795a6e/common_headers -I/tmp/pip-install-vvo2gusr/transformer-engine-torch_aaa5a075d9804424a588982d20795a6e/common_headers/common -I/tmp/pip-install-vvo2gusr/transformer-engine-torch_aaa5a075d9804424a588982d20795a6e/common_headers/common/include -I/tmp/pip-install-vvo2gusr/transformer-engine-torch_aaa5a075d9804424a588982d20795a6e/csrc -I<repo>/.venv_evo2cu128/lib/python3.11/site-packages/torch/include -I<repo>/.venv_evo2cu128/lib/python3.11/site-packages/torch/include/torch/csrc/api/include -I/usr/local/cuda-12.4/include -I<repo>/.venv_evo2cu128/include -I/usr/include/python3.11 -c -c /tmp/pip-install-vvo2gusr/transformer-engine-torch_aaa5a075d9804424a588982d20795a6e/csrc/extensions/normalization.cpp -o /tmp/pip-install-vvo2gusr/transformer-engine-torch_aaa5a075d9804424a588982d20795a6e/build/temp.linux-x86_64-cpython-311/csrc/extensions/normalization.o -O3 -fvisibility=hidden -DTORCH_API_INCLUDE_EXTENSION_H '-DPYBIND11_COMPILER_TYPE="_gcc"' '-DPYBIND11_STDLIB="_libstdcpp"' '-DPYBIND11_BUILD_ABI="_cxxabi1016"' -DTORCH_EXTENSION_NAME=transformer_engine_torch -D_GLIBCXX_USE_CXX11_ABI=1 -std=c++17
      FAILED: [code=1] /tmp/pip-install-vvo2gusr/transformer-engine-torch_aaa5a075d9804424a588982d20795a6e/build/temp.linux-x86_64-cpython-311/csrc/extensions/normalization.o
      c++ -MMD -MF /tmp/pip-install-vvo2gusr/transformer-engine-torch_aaa5a075d9804424a588982d20795a6e/build/temp.linux-x86_64-cpython-311/csrc/extensions/normalization.o.d -Wsign-compare -DNDEBUG -g -fwrapv -O2 -Wall -g -fstack-protector-strong -Wformat -Werror=format-security -g -fwrapv -O2 -fPIC -I/tmp/pip-install-vvo2gusr/transformer-engine-torch_aaa5a075d9804424a588982d20795a6e/common_headers -I/tmp/pip-install-vvo2gusr/transformer-engine-torch_aaa5a075d9804424a588982d20795a6e/common_headers/common -I/tmp/pip-install-vvo2gusr/transformer-engine-torch_aaa5a075d9804424a588982d20795a6e/common_headers/common/include -I/tmp/pip-install-vvo2gusr/transformer-engine-torch_aaa5a075d9804424a588982d20795a6e/csrc -I<repo>/.venv_evo2cu128/lib/python3.11/site-packages/torch/include -I<repo>/.venv_evo2cu128/lib/python3.11/site-packages/torch/include/torch/csrc/api/include -I/usr/local/cuda-12.4/include -I<repo>/.venv_evo2cu128/include -I/usr/include/python3.11 -c -c /tmp/pip-install-vvo2gusr/transformer-engine-torch_aaa5a075d9804424a588982d20795a6e/csrc/extensions/normalization.cpp -o /tmp/pip-install-vvo2gusr/transformer-engine-torch_aaa5a075d9804424a588982d20795a6e/build/temp.linux-x86_64-cpython-311/csrc/extensions/normalization.o -O3 -fvisibility=hidden -DTORCH_API_INCLUDE_EXTENSION_H '-DPYBIND11_COMPILER_TYPE="_gcc"' '-DPYBIND11_STDLIB="_libstdcpp"' '-DPYBIND11_BUILD_ABI="_cxxabi1016"' -DTORCH_EXTENSION_NAME=transformer_engine_torch -D_GLIBCXX_USE_CXX11_ABI=1 -std=c++17
      In file included from /tmp/pip-install-vvo2gusr/transformer-engine-torch_aaa5a075d9804424a588982d20795a6e/common_headers/common/util/system.h:17,
                       from /tmp/pip-install-vvo2gusr/transformer-engine-torch_aaa5a075d9804424a588982d20795a6e/csrc/extensions/normalization.cpp:7:
      /tmp/pip-install-vvo2gusr/transformer-engine-torch_aaa5a075d9804424a588982d20795a6e/common_headers/common/util/logging.h:12:10: fatal error: cudnn.h: No such file or directory
         12 | #include <cudnn.h>
            |          ^~~~~~~~~
      compilation terminated.
      [2/25] c++ -MMD -MF /tmp/pip-install-vvo2gusr/transformer-engine-torch_aaa5a075d9804424a588982d20795a6e/build/temp.linux-x86_64-cpython-311/csrc/extensions/activation.o.d -Wsign-compare -DNDEBUG -g -fwrapv -O2 -Wall -g -fstack-protector-strong -Wformat -Werror=format-security -g -fwrapv -O2 -fPIC -I/tmp/pip-install-vvo2gusr/transformer-engine-torch_aaa5a075d9804424a588982d20795a6e/common_headers -I/tmp/pip-install-vvo2gusr/transformer-engine-torch_aaa5a075d9804424a588982d20795a6e/common_headers/common -I/tmp/pip-install-vvo2gusr/transformer-engine-torch_aaa5a075d9804424a588982d20795a6e/common_headers/common/include -I/tmp/pip-install-vvo2gusr/transformer-engine-torch_aaa5a075d9804424a588982d20795a6e/csrc -I<repo>/.venv_evo2cu128/lib/python3.11/site-packages/torch/include -I<repo>/.venv_evo2cu128/lib/python3.11/site-packages/torch/include/torch/csrc/api/include -I/usr/local/cuda-12.4/include -I<repo>/.venv_evo2cu128/include -I/usr/include/python3.11 -c -c /tmp/pip-install-vvo2gusr/transformer-engine-torch_aaa5a075d9804424a588982d20795a6e/csrc/extensions/activation.cpp -o /tmp/pip-install-vvo2gusr/transformer-engine-torch_aaa5a075d9804424a588982d20795a6e/build/temp.linux-x86_64-cpython-311/csrc/extensions/activation.o -O3 -fvisibility=hidden -DTORCH_API_INCLUDE_EXTENSION_H '-DPYBIND11_COMPILER_TYPE="_gcc"' '-DPYBIND11_STDLIB="_libstdcpp"' '-DPYBIND11_BUILD_ABI="_cxxabi1016"' -DTORCH_EXTENSION_NAME=transformer_engine_torch -D_GLIBCXX_USE_CXX11_ABI=1 -std=c++17
      FAILED: [code=1] /tmp/pip-install-vvo2gusr/transformer-engine-torch_aaa5a075d9804424a588982d20795a6e/build/temp.linux-x86_64-cpython-311/csrc/extensions/activation.o
      c++ -MMD -MF /tmp/pip-install-vvo2gusr/transformer-engine-torch_aaa5a075d9804424a588982d20795a6e/build/temp.linux-x86_64-cpython-311/csrc/extensions/activation.o.d -Wsign-compare -DNDEBUG -g -fwrapv -O2 -Wall -g -fstack-protector-strong -Wformat -Werror=format-security -g -fwrapv -O2 -fPIC -I/tmp/pip-install-vvo2gusr/transformer-engine-torch_aaa5a075d9804424a588982d20795a6e/common_headers -I/tmp/pip-install-vvo2gusr/transformer-engine-torch_aaa5a075d9804424a588982d20795a6e/common_headers/common -I/tmp/pip-install-vvo2gusr/transformer-engine-torch_aaa5a075d9804424a588982d20795a6e/common_headers/common/include -I/tmp/pip-install-vvo2gusr/transformer-engine-torch_aaa5a075d9804424a588982d20795a6e/csrc -I<repo>/.venv_evo2cu128/lib/python3.11/site-packages/torch/include -I<repo>/.venv_evo2cu128/lib/python3.11/site-packages/torch/include/torch/csrc/api/include -I/usr/local/cuda-12.4/include -I<repo>/.venv_evo2cu128/include -I/usr/include/python3.11 -c -c /tmp/pip-install-vvo2gusr/transformer-engine-torch_aaa5a075d9804424a588982d20795a6e/csrc/extensions/activation.cpp -o /tmp/pip-install-vvo2gusr/transformer-engine-torch_aaa5a075d9804424a588982d20795a6e/build/temp.linux-x86_64-cpython-311/csrc/extensions/activation.o -O3 -fvisibility=hidden -DTORCH_API_INCLUDE_EXTENSION_H '-DPYBIND11_COMPILER_TYPE="_gcc"' '-DPYBIND11_STDLIB="_libstdcpp"' '-DPYBIND11_BUILD_ABI="_cxxabi1016"' -DTORCH_EXTENSION_NAME=transformer_engine_torch -D_GLIBCXX_USE_CXX11_ABI=1 -std=c++17
      In file included from /tmp/pip-install-vvo2gusr/transformer-engine-torch_aaa5a075d9804424a588982d20795a6e/common_headers/common/common.h:28,
                       from /tmp/pip-install-vvo2gusr/transformer-engine-torch_aaa5a075d9804424a588982d20795a6e/csrc/extensions/activation.cpp:7:
      /tmp/pip-install-vvo2gusr/transformer-engine-torch_aaa5a075d9804424a588982d20795a6e/common_headers/common/./util/logging.h:12:10: fatal error: cudnn.h: No such file or directory
         12 | #include <cudnn.h>
            |          ^~~~~~~~~
      compilation terminated.
      [3/25] c++ -MMD -MF /tmp/pip-install-vvo2gusr/transformer-engine-torch_aaa5a075d9804424a588982d20795a6e/build/temp.linux-x86_64-cpython-311/csrc/extensions/cast.o.d -Wsign-compare -DNDEBUG -g -fwrapv -O2 -Wall -g -fstack-protector-strong -Wformat -Werror=format-security -g -fwrapv -O2 -fPIC -I/tmp/pip-install-vvo2gusr/transformer-engine-torch_aaa5a075d9804424a588982d20795a6e/common_headers -I/tmp/pip-install-vvo2gusr/transformer-engine-torch_aaa5a075d9804424a588982d20795a6e/common_headers/common -I/tmp/pip-install-vvo2gusr/transformer-engine-torch_aaa5a075d9804424a588982d20795a6e/common_headers/common/include -I/tmp/pip-install-vvo2gusr/transformer-engine-torch_aaa5a075d9804424a588982d20795a6e/csrc -I<repo>/.venv_evo2cu128/lib/python3.11/site-packages/torch/include -I<repo>/.venv_evo2cu128/lib/python3.11/site-packages/torch/include/torch/csrc/api/include -I/usr/local/cuda-12.4/include -I<repo>/.venv_evo2cu128/include -I/usr/include/python3.11 -c -c /tmp/pip-install-vvo2gusr/transformer-engine-torch_aaa5a075d9804424a588982d20795a6e/csrc/extensions/cast.cpp -o /tmp/pip-install-vvo2gusr/transformer-engine-torch_aaa5a075d9804424a588982d20795a6e/build/temp.linux-x86_64-cpython-311/csrc/extensions/cast.o -O3 -fvisibility=hidden -DTORCH_API_INCLUDE_EXTENSION_H '-DPYBIND11_COMPILER_TYPE="_gcc"' '-DPYBIND11_STDLIB="_libstdcpp"' '-DPYBIND11_BUILD_ABI="_cxxabi1016"' -DTORCH_EXTENSION_NAME=transformer_engine_torch -D_GLIBCXX_USE_CXX11_ABI=1 -std=c++17
      FAILED: [code=1] /tmp/pip-install-vvo2gusr/transformer-engine-torch_aaa5a075d9804424a588982d20795a6e/build/temp.linux-x86_64-cpython-311/csrc/extensions/cast.o
      c++ -MMD -MF /tmp/pip-install-vvo2gusr/transformer-engine-torch_aaa5a075d9804424a588982d20795a6e/build/temp.linux-x86_64-cpython-311/csrc/extensions/cast.o.d -Wsign-compare -DNDEBUG -g -fwrapv -O2 -Wall -g -fstack-protector-strong -Wformat -Werror=format-security -g -fwrapv -O2 -fPIC -I/tmp/pip-install-vvo2gusr/transformer-engine-torch_aaa5a075d9804424a588982d20795a6e/common_headers -I/tmp/pip-install-vvo2gusr/transformer-engine-torch_aaa5a075d9804424a588982d20795a6e/common_headers/common -I/tmp/pip-install-vvo2gusr/transformer-engine-torch_aaa5a075d9804424a588982d20795a6e/common_headers/common/include -I/tmp/pip-install-vvo2gusr/transformer-engine-torch_aaa5a075d9804424a588982d20795a6e/csrc -I<repo>/.venv_evo2cu128/lib/python3.11/site-packages/torch/include -I<repo>/.venv_evo2cu128/lib/python3.11/site-packages/torch/include/torch/csrc/api/include -I/usr/local/cuda-12.4/include -I<repo>/.venv_evo2cu128/include -I/usr/include/python3.11 -c -c /tmp/pip-install-vvo2gusr/transformer-engine-torch_aaa5a075d9804424a588982d20795a6e/csrc/extensions/cast.cpp -o /tmp/pip-install-vvo2gusr/transformer-engine-torch_aaa5a075d9804424a588982d20795a6e/build/temp.linux-x86_64-cpython-311/csrc/extensions/cast.o -O3 -fvisibility=hidden -DTORCH_API_INCLUDE_EXTENSION_H '-DPYBIND11_COMPILER_TYPE="_gcc"' '-DPYBIND11_STDLIB="_libstdcpp"' '-DPYBIND11_BUILD_ABI="_cxxabi1016"' -DTORCH_EXTENSION_NAME=transformer_engine_torch -D_GLIBCXX_USE_CXX11_ABI=1 -std=c++17
      In file included from /tmp/pip-install-vvo2gusr/transformer-engine-torch_aaa5a075d9804424a588982d20795a6e/common_headers/common/common.h:28,
                       from /tmp/pip-install-vvo2gusr/transformer-engine-torch_aaa5a075d9804424a588982d20795a6e/csrc/extensions/cast.cpp:9:
      /tmp/pip-install-vvo2gusr/transformer-engine-torch_aaa5a075d9804424a588982d20795a6e/common_headers/common/./util/logging.h:12:10: fatal error: cudnn.h: No such file or directory
         12 | #include <cudnn.h>
            |          ^~~~~~~~~
      compilation terminated.
      [4/25] c++ -MMD -MF /tmp/pip-install-vvo2gusr/transformer-engine-torch_aaa5a075d9804424a588982d20795a6e/build/temp.linux-x86_64-cpython-311/csrc/extensions/bias.o.d -Wsign-compare -DNDEBUG -g -fwrapv -O2 -Wall -g -fstack-protector-strong -Wformat -Werror=format-security -g -fwrapv -O2 -fPIC -I/tmp/pip-install-vvo2gusr/transformer-engine-torch_aaa5a075d9804424a588982d20795a6e/common_headers -I/tmp/pip-install-vvo2gusr/transformer-engine-torch_aaa5a075d9804424a588982d20795a6e/common_headers/common -I/tmp/pip-install-vvo2gusr/transformer-engine-torch_aaa5a075d9804424a588982d20795a6e/common_headers/common/include -I/tmp/pip-install-vvo2gusr/transformer-engine-torch_aaa5a075d9804424a588982d20795a6e/csrc -I<repo>/.venv_evo2cu128/lib/python3.11/site-packages/torch/include -I<repo>/.venv_evo2cu128/lib/python3.11/site-packages/torch/include/torch/csrc/api/include -I/usr/local/cuda-12.4/include -I<repo>/.venv_evo2cu128/include -I/usr/include/python3.11 -c -c /tmp/pip-install-vvo2gusr/transformer-engine-torch_aaa5a075d9804424a588982d20795a6e/csrc/extensions/bias.cpp -o /tmp/pip-install-vvo2gusr/transformer-engine-torch_aaa5a075d9804424a588982d20795a6e/build/temp.linux-x86_64-cpython-311/csrc/extensions/bias.o -O3 -fvisibility=hidden -DTORCH_API_INCLUDE_EXTENSION_H '-DPYBIND11_COMPILER_TYPE="_gcc"' '-DPYBIND11_STDLIB="_libstdcpp"' '-DPYBIND11_BUILD_ABI="_cxxabi1016"' -DTORCH_EXTENSION_NAME=transformer_engine_torch -D_GLIBCXX_USE_CXX11_ABI=1 -std=c++17
      FAILED: [code=1] /tmp/pip-install-vvo2gusr/transformer-engine-torch_aaa5a075d9804424a588982d20795a6e/build/temp.linux-x86_64-cpython-311/csrc/extensions/bias.o
      c++ -MMD -MF /tmp/pip-install-vvo2gusr/transformer-engine-torch_aaa5a075d9804424a588982d20795a6e/build/temp.linux-x86_64-cpython-311/csrc/extensions/bias.o.d -Wsign-compare -DNDEBUG -g -fwrapv -O2 -Wall -g -fstack-protector-strong -Wformat -Werror=format-security -g -fwrapv -O2 -fPIC -I/tmp/pip-install-vvo2gusr/transformer-engine-torch_aaa5a075d9804424a588982d20795a6e/common_headers -I/tmp/pip-install-vvo2gusr/transformer-engine-torch_aaa5a075d9804424a588982d20795a6e/common_headers/common -I/tmp/pip-install-vvo2gusr/transformer-engine-torch_aaa5a075d9804424a588982d20795a6e/common_headers/common/include -I/tmp/pip-install-vvo2gusr/transformer-engine-torch_aaa5a075d9804424a588982d20795a6e/csrc -I<repo>/.venv_evo2cu128/lib/python3.11/site-packages/torch/include -I<repo>/.venv_evo2cu128/lib/python3.11/site-packages/torch/include/torch/csrc/api/include -I/usr/local/cuda-12.4/include -I<repo>/.venv_evo2cu128/include -I/usr/include/python3.11 -c -c /tmp/pip-install-vvo2gusr/transformer-engine-torch_aaa5a075d9804424a588982d20795a6e/csrc/extensions/bias.cpp -o /tmp/pip-install-vvo2gusr/transformer-engine-torch_aaa5a075d9804424a588982d20795a6e/build/temp.linux-x86_64-cpython-311/csrc/extensions/bias.o -O3 -fvisibility=hidden -DTORCH_API_INCLUDE_EXTENSION_H '-DPYBIND11_COMPILER_TYPE="_gcc"' '-DPYBIND11_STDLIB="_libstdcpp"' '-DPYBIND11_BUILD_ABI="_cxxabi1016"' -DTORCH_EXTENSION_NAME=transformer_engine_torch -D_GLIBCXX_USE_CXX11_ABI=1 -std=c++17
      In file included from /tmp/pip-install-vvo2gusr/transformer-engine-torch_aaa5a075d9804424a588982d20795a6e/common_headers/common/common.h:28,
                       from /tmp/pip-install-vvo2gusr/transformer-engine-torch_aaa5a075d9804424a588982d20795a6e/csrc/extensions/bias.cpp:7:
      /tmp/pip-install-vvo2gusr/transformer-engine-torch_aaa5a075d9804424a588982d20795a6e/common_headers/common/./util/logging.h:12:10: fatal error: cudnn.h: No such file or directory
         12 | #include <cudnn.h>
            |          ^~~~~~~~~
      compilation terminated.
      [5/25] c++ -MMD -MF /tmp/pip-install-vvo2gusr/transformer-engine-torch_aaa5a075d9804424a588982d20795a6e/build/temp.linux-x86_64-cpython-311/csrc/extensions/comm_gemm_overlap.o.d -Wsign-compare -DNDEBUG -g -fwrapv -O2 -Wall -g -fstack-protector-strong -Wformat -Werror=format-security -g -fwrapv -O2 -fPIC -I/tmp/pip-install-vvo2gusr/transformer-engine-torch_aaa5a075d9804424a588982d20795a6e/common_headers -I/tmp/pip-install-vvo2gusr/transformer-engine-torch_aaa5a075d9804424a588982d20795a6e/common_headers/common -I/tmp/pip-install-vvo2gusr/transformer-engine-torch_aaa5a075d9804424a588982d20795a6e/common_headers/common/include -I/tmp/pip-install-vvo2gusr/transformer-engine-torch_aaa5a075d9804424a588982d20795a6e/csrc -I<repo>/.venv_evo2cu128/lib/python3.11/site-packages/torch/include -I<repo>/.venv_evo2cu128/lib/python3.11/site-packages/torch/include/torch/csrc/api/include -I/usr/local/cuda-12.4/include -I<repo>/.venv_evo2cu128/include -I/usr/include/python3.11 -c -c /tmp/pip-install-vvo2gusr/transformer-engine-torch_aaa5a075d9804424a588982d20795a6e/csrc/extensions/comm_gemm_overlap.cpp -o /tmp/pip-install-vvo2gusr/transformer-engine-torch_aaa5a075d9804424a588982d20795a6e/build/temp.linux-x86_64-cpython-311/csrc/extensions/comm_gemm_overlap.o -O3 -fvisibility=hidden -DTORCH_API_INCLUDE_EXTENSION_H '-DPYBIND11_COMPILER_TYPE="_gcc"' '-DPYBIND11_STDLIB="_libstdcpp"' '-DPYBIND11_BUILD_ABI="_cxxabi1016"' -DTORCH_EXTENSION_NAME=transformer_engine_torch -D_GLIBCXX_USE_CXX11_ABI=1 -std=c++17
      FAILED: [code=1] /tmp/pip-install-vvo2gusr/transformer-engine-torch_aaa5a075d9804424a588982d20795a6e/build/temp.linux-x86_64-cpython-311/csrc/extensions/comm_gemm_overlap.o
      c++ -MMD -MF /tmp/pip-install-vvo2gusr/transformer-engine-torch_aaa5a075d9804424a588982d20795a6e/build/temp.linux-x86_64-cpython-311/csrc/extensions/comm_gemm_overlap.o.d -Wsign-compare -DNDEBUG -g -fwrapv -O2 -Wall -g -fstack-protector-strong -Wformat -Werror=format-security -g -fwrapv -O2 -fPIC -I/tmp/pip-install-vvo2gusr/transformer-engine-torch_aaa5a075d9804424a588982d20795a6e/common_headers -I/tmp/pip-install-vvo2gusr/transformer-engine-torch_aaa5a075d9804424a588982d20795a6e/common_headers/common -I/tmp/pip-install-vvo2gusr/transformer-engine-torch_aaa5a075d9804424a588982d20795a6e/common_headers/common/include -I/tmp/pip-install-vvo2gusr/transformer-engine-torch_aaa5a075d9804424a588982d20795a6e/csrc -I<repo>/.venv_evo2cu128/lib/python3.11/site-packages/torch/include -I<repo>/.venv_evo2cu128/lib/python3.11/site-packages/torch/include/torch/csrc/api/include -I/usr/local/cuda-12.4/include -I<repo>/.venv_evo2cu128/include -I/usr/include/python3.11 -c -c /tmp/pip-install-vvo2gusr/transformer-engine-torch_aaa5a075d9804424a588982d20795a6e/csrc/extensions/comm_gemm_overlap.cpp -o /tmp/pip-install-vvo2gusr/transformer-engine-torch_aaa5a075d9804424a588982d20795a6e/build/temp.linux-x86_64-cpython-311/csrc/extensions/comm_gemm_overlap.o -O3 -fvisibility=hidden -DTORCH_API_INCLUDE_EXTENSION_H '-DPYBIND11_COMPILER_TYPE="_gcc"' '-DPYBIND11_STDLIB="_libstdcpp"' '-DPYBIND11_BUILD_ABI="_cxxabi1016"' -DTORCH_EXTENSION_NAME=transformer_engine_torch -D_GLIBCXX_USE_CXX11_ABI=1 -std=c++17
      In file included from <repo>/.venv_evo2cu128/lib/python3.11/site-packages/torch/include/ATen/cudnn/Handle.h:4,
                       from /tmp/pip-install-vvo2gusr/transformer-engine-torch_aaa5a075d9804424a588982d20795a6e/csrc/extensions/../common.h:14,
                       from /tmp/pip-install-vvo2gusr/transformer-engine-torch_aaa5a075d9804424a588982d20795a6e/csrc/extensions/../extensions.h:12,
                       from /tmp/pip-install-vvo2gusr/transformer-engine-torch_aaa5a075d9804424a588982d20795a6e/csrc/extensions/comm_gemm_overlap.cpp:7:
      <repo>/.venv_evo2cu128/lib/python3.11/site-packages/torch/include/ATen/cudnn/cudnn-wrapper.h:3:10: fatal error: cudnn.h: No such file or directory
          3 | #include <cudnn.h>
            |          ^~~~~~~~~
      compilation terminated.
      [6/25] c++ -MMD -MF /tmp/pip-install-vvo2gusr/transformer-engine-torch_aaa5a075d9804424a588982d20795a6e/build/temp.linux-x86_64-cpython-311/csrc/common.o.d -Wsign-compare -DNDEBUG -g -fwrapv -O2 -Wall -g -fstack-protector-strong -Wformat -Werror=format-security -g -fwrapv -O2 -fPIC -I/tmp/pip-install-vvo2gusr/transformer-engine-torch_aaa5a075d9804424a588982d20795a6e/common_headers -I/tmp/pip-install-vvo2gusr/transformer-engine-torch_aaa5a075d9804424a588982d20795a6e/common_headers/common -I/tmp/pip-install-vvo2gusr/transformer-engine-torch_aaa5a075d9804424a588982d20795a6e/common_headers/common/include -I/tmp/pip-install-vvo2gusr/transformer-engine-torch_aaa5a075d9804424a588982d20795a6e/csrc -I<repo>/.venv_evo2cu128/lib/python3.11/site-packages/torch/include -I<repo>/.venv_evo2cu128/lib/python3.11/site-packages/torch/include/torch/csrc/api/include -I/usr/local/cuda-12.4/include -I<repo>/.venv_evo2cu128/include -I/usr/include/python3.11 -c -c /tmp/pip-install-vvo2gusr/transformer-engine-torch_aaa5a075d9804424a588982d20795a6e/csrc/common.cpp -o /tmp/pip-install-vvo2gusr/transformer-engine-torch_aaa5a075d9804424a588982d20795a6e/build/temp.linux-x86_64-cpython-311/csrc/common.o -O3 -fvisibility=hidden -DTORCH_API_INCLUDE_EXTENSION_H '-DPYBIND11_COMPILER_TYPE="_gcc"' '-DPYBIND11_STDLIB="_libstdcpp"' '-DPYBIND11_BUILD_ABI="_cxxabi1016"' -DTORCH_EXTENSION_NAME=transformer_engine_torch -D_GLIBCXX_USE_CXX11_ABI=1 -std=c++17
      FAILED: [code=1] /tmp/pip-install-vvo2gusr/transformer-engine-torch_aaa5a075d9804424a588982d20795a6e/build/temp.linux-x86_64-cpython-311/csrc/common.o
      c++ -MMD -MF /tmp/pip-install-vvo2gusr/transformer-engine-torch_aaa5a075d9804424a588982d20795a6e/build/temp.linux-x86_64-cpython-311/csrc/common.o.d -Wsign-compare -DNDEBUG -g -fwrapv -O2 -Wall -g -fstack-protector-strong -Wformat -Werror=format-security -g -fwrapv -O2 -fPIC -I/tmp/pip-install-vvo2gusr/transformer-engine-torch_aaa5a075d9804424a588982d20795a6e/common_headers -I/tmp/pip-install-vvo2gusr/transformer-engine-torch_aaa5a075d9804424a588982d20795a6e/common_headers/common -I/tmp/pip-install-vvo2gusr/transformer-engine-torch_aaa5a075d9804424a588982d20795a6e/common_headers/common/include -I/tmp/pip-install-vvo2gusr/transformer-engine-torch_aaa5a075d9804424a588982d20795a6e/csrc -I<repo>/.venv_evo2cu128/lib/python3.11/site-packages/torch/include -I<repo>/.venv_evo2cu128/lib/python3.11/site-packages/torch/include/torch/csrc/api/include -I/usr/local/cuda-12.4/include -I<repo>/.venv_evo2cu128/include -I/usr/include/python3.11 -c -c /tmp/pip-install-vvo2gusr/transformer-engine-torch_aaa5a075d9804424a588982d20795a6e/csrc/common.cpp -o /tmp/pip-install-vvo2gusr/transformer-engine-torch_aaa5a075d9804424a588982d20795a6e/build/temp.linux-x86_64-cpython-311/csrc/common.o -O3 -fvisibility=hidden -DTORCH_API_INCLUDE_EXTENSION_H '-DPYBIND11_COMPILER_TYPE="_gcc"' '-DPYBIND11_STDLIB="_libstdcpp"' '-DPYBIND11_BUILD_ABI="_cxxabi1016"' -DTORCH_EXTENSION_NAME=transformer_engine_torch -D_GLIBCXX_USE_CXX11_ABI=1 -std=c++17
      In file included from <repo>/.venv_evo2cu128/lib/python3.11/site-packages/torch/include/ATen/cudnn/Handle.h:4,
                       from /tmp/pip-install-vvo2gusr/transformer-engine-torch_aaa5a075d9804424a588982d20795a6e/csrc/common.h:14,
                       from /tmp/pip-install-vvo2gusr/transformer-engine-torch_aaa5a075d9804424a588982d20795a6e/csrc/common.cpp:7:
      <repo>/.venv_evo2cu128/lib/python3.11/site-packages/torch/include/ATen/cudnn/cudnn-wrapper.h:3:10: fatal error: cudnn.h: No such file or directory
          3 | #include <cudnn.h>
            |          ^~~~~~~~~
      compilation terminated.
      [7/25] c++ -MMD -MF /tmp/pip-install-vvo2gusr/transformer-engine-torch_aaa5a075d9804424a588982d20795a6e/build/temp.linux-x86_64-cpython-311/csrc/extensions/nvshmem_comm.o.d -Wsign-compare -DNDEBUG -g -fwrapv -O2 -Wall -g -fstack-protector-strong -Wformat -Werror=format-security -g -fwrapv -O2 -fPIC -I/tmp/pip-install-vvo2gusr/transformer-engine-torch_aaa5a075d9804424a588982d20795a6e/common_headers -I/tmp/pip-install-vvo2gusr/transformer-engine-torch_aaa5a075d9804424a588982d20795a6e/common_headers/common -I/tmp/pip-install-vvo2gusr/transformer-engine-torch_aaa5a075d9804424a588982d20795a6e/common_headers/common/include -I/tmp/pip-install-vvo2gusr/transformer-engine-torch_aaa5a075d9804424a588982d20795a6e/csrc -I<repo>/.venv_evo2cu128/lib/python3.11/site-packages/torch/include -I<repo>/.venv_evo2cu128/lib/python3.11/site-packages/torch/include/torch/csrc/api/include -I/usr/local/cuda-12.4/include -I<repo>/.venv_evo2cu128/include -I/usr/include/python3.11 -c -c /tmp/pip-install-vvo2gusr/transformer-engine-torch_aaa5a075d9804424a588982d20795a6e/csrc/extensions/nvshmem_comm.cpp -o /tmp/pip-install-vvo2gusr/transformer-engine-torch_aaa5a075d9804424a588982d20795a6e/build/temp.linux-x86_64-cpython-311/csrc/extensions/nvshmem_comm.o -O3 -fvisibility=hidden -DTORCH_API_INCLUDE_EXTENSION_H '-DPYBIND11_COMPILER_TYPE="_gcc"' '-DPYBIND11_STDLIB="_libstdcpp"' '-DPYBIND11_BUILD_ABI="_cxxabi1016"' -DTORCH_EXTENSION_NAME=transformer_engine_torch -D_GLIBCXX_USE_CXX11_ABI=1 -std=c++17
      FAILED: [code=1] /tmp/pip-install-vvo2gusr/transformer-engine-torch_aaa5a075d9804424a588982d20795a6e/build/temp.linux-x86_64-cpython-311/csrc/extensions/nvshmem_comm.o
      c++ -MMD -MF /tmp/pip-install-vvo2gusr/transformer-engine-torch_aaa5a075d9804424a588982d20795a6e/build/temp.linux-x86_64-cpython-311/csrc/extensions/nvshmem_comm.o.d -Wsign-compare -DNDEBUG -g -fwrapv -O2 -Wall -g -fstack-protector-strong -Wformat -Werror=format-security -g -fwrapv -O2 -fPIC -I/tmp/pip-install-vvo2gusr/transformer-engine-torch_aaa5a075d9804424a588982d20795a6e/common_headers -I/tmp/pip-install-vvo2gusr/transformer-engine-torch_aaa5a075d9804424a588982d20795a6e/common_headers/common -I/tmp/pip-install-vvo2gusr/transformer-engine-torch_aaa5a075d9804424a588982d20795a6e/common_headers/common/include -I/tmp/pip-install-vvo2gusr/transformer-engine-torch_aaa5a075d9804424a588982d20795a6e/csrc -I<repo>/.venv_evo2cu128/lib/python3.11/site-packages/torch/include -I<repo>/.venv_evo2cu128/lib/python3.11/site-packages/torch/include/torch/csrc/api/include -I/usr/local/cuda-12.4/include -I<repo>/.venv_evo2cu128/include -I/usr/include/python3.11 -c -c /tmp/pip-install-vvo2gusr/transformer-engine-torch_aaa5a075d9804424a588982d20795a6e/csrc/extensions/nvshmem_comm.cpp -o /tmp/pip-install-vvo2gusr/transformer-engine-torch_aaa5a075d9804424a588982d20795a6e/build/temp.linux-x86_64-cpython-311/csrc/extensions/nvshmem_comm.o -O3 -fvisibility=hidden -DTORCH_API_INCLUDE_EXTENSION_H '-DPYBIND11_COMPILER_TYPE="_gcc"' '-DPYBIND11_STDLIB="_libstdcpp"' '-DPYBIND11_BUILD_ABI="_cxxabi1016"' -DTORCH_EXTENSION_NAME=transformer_engine_torch -D_GLIBCXX_USE_CXX11_ABI=1 -std=c++17
      In file included from <repo>/.venv_evo2cu128/lib/python3.11/site-packages/torch/include/ATen/cudnn/Handle.h:4,
                       from /tmp/pip-install-vvo2gusr/transformer-engine-torch_aaa5a075d9804424a588982d20795a6e/csrc/extensions/../common.h:14,
                       from /tmp/pip-install-vvo2gusr/transformer-engine-torch_aaa5a075d9804424a588982d20795a6e/csrc/extensions/../extensions.h:12,
                       from /tmp/pip-install-vvo2gusr/transformer-engine-torch_aaa5a075d9804424a588982d20795a6e/csrc/extensions/nvshmem_comm.cpp:7:
      <repo>/.venv_evo2cu128/lib/python3.11/site-packages/torch/include/ATen/cudnn/cudnn-wrapper.h:3:10: fatal error: cudnn.h: No such file or directory
          3 | #include <cudnn.h>
            |          ^~~~~~~~~
      compilation terminated.
      [8/25] c++ -MMD -MF /tmp/pip-install-vvo2gusr/transformer-engine-torch_aaa5a075d9804424a588982d20795a6e/build/temp.linux-x86_64-cpython-311/csrc/extensions/apply_rope.o.d -Wsign-compare -DNDEBUG -g -fwrapv -O2 -Wall -g -fstack-protector-strong -Wformat -Werror=format-security -g -fwrapv -O2 -fPIC -I/tmp/pip-install-vvo2gusr/transformer-engine-torch_aaa5a075d9804424a588982d20795a6e/common_headers -I/tmp/pip-install-vvo2gusr/transformer-engine-torch_aaa5a075d9804424a588982d20795a6e/common_headers/common -I/tmp/pip-install-vvo2gusr/transformer-engine-torch_aaa5a075d9804424a588982d20795a6e/common_headers/common/include -I/tmp/pip-install-vvo2gusr/transformer-engine-torch_aaa5a075d9804424a588982d20795a6e/csrc -I<repo>/.venv_evo2cu128/lib/python3.11/site-packages/torch/include -I<repo>/.venv_evo2cu128/lib/python3.11/site-packages/torch/include/torch/csrc/api/include -I/usr/local/cuda-12.4/include -I<repo>/.venv_evo2cu128/include -I/usr/include/python3.11 -c -c /tmp/pip-install-vvo2gusr/transformer-engine-torch_aaa5a075d9804424a588982d20795a6e/csrc/extensions/apply_rope.cpp -o /tmp/pip-install-vvo2gusr/transformer-engine-torch_aaa5a075d9804424a588982d20795a6e/build/temp.linux-x86_64-cpython-311/csrc/extensions/apply_rope.o -O3 -fvisibility=hidden -DTORCH_API_INCLUDE_EXTENSION_H '-DPYBIND11_COMPILER_TYPE="_gcc"' '-DPYBIND11_STDLIB="_libstdcpp"' '-DPYBIND11_BUILD_ABI="_cxxabi1016"' -DTORCH_EXTENSION_NAME=transformer_engine_torch -D_GLIBCXX_USE_CXX11_ABI=1 -std=c++17
      FAILED: [code=1] /tmp/pip-install-vvo2gusr/transformer-engine-torch_aaa5a075d9804424a588982d20795a6e/build/temp.linux-x86_64-cpython-311/csrc/extensions/apply_rope.o
      c++ -MMD -MF /tmp/pip-install-vvo2gusr/transformer-engine-torch_aaa5a075d9804424a588982d20795a6e/build/temp.linux-x86_64-cpython-311/csrc/extensions/apply_rope.o.d -Wsign-compare -DNDEBUG -g -fwrapv -O2 -Wall -g -fstack-protector-strong -Wformat -Werror=format-security -g -fwrapv -O2 -fPIC -I/tmp/pip-install-vvo2gusr/transformer-engine-torch_aaa5a075d9804424a588982d20795a6e/common_headers -I/tmp/pip-install-vvo2gusr/transformer-engine-torch_aaa5a075d9804424a588982d20795a6e/common_headers/common -I/tmp/pip-install-vvo2gusr/transformer-engine-torch_aaa5a075d9804424a588982d20795a6e/common_headers/common/include -I/tmp/pip-install-vvo2gusr/transformer-engine-torch_aaa5a075d9804424a588982d20795a6e/csrc -I<repo>/.venv_evo2cu128/lib/python3.11/site-packages/torch/include -I<repo>/.venv_evo2cu128/lib/python3.11/site-packages/torch/include/torch/csrc/api/include -I/usr/local/cuda-12.4/include -I<repo>/.venv_evo2cu128/include -I/usr/include/python3.11 -c -c /tmp/pip-install-vvo2gusr/transformer-engine-torch_aaa5a075d9804424a588982d20795a6e/csrc/extensions/apply_rope.cpp -o /tmp/pip-install-vvo2gusr/transformer-engine-torch_aaa5a075d9804424a588982d20795a6e/build/temp.linux-x86_64-cpython-311/csrc/extensions/apply_rope.o -O3 -fvisibility=hidden -DTORCH_API_INCLUDE_EXTENSION_H '-DPYBIND11_COMPILER_TYPE="_gcc"' '-DPYBIND11_STDLIB="_libstdcpp"' '-DPYBIND11_BUILD_ABI="_cxxabi1016"' -DTORCH_EXTENSION_NAME=transformer_engine_torch -D_GLIBCXX_USE_CXX11_ABI=1 -std=c++17
      In file included from <repo>/.venv_evo2cu128/lib/python3.11/site-packages/torch/include/ATen/cudnn/Handle.h:4,
                       from /tmp/pip-install-vvo2gusr/transformer-engine-torch_aaa5a075d9804424a588982d20795a6e/csrc/common.h:14,
                       from /tmp/pip-install-vvo2gusr/transformer-engine-torch_aaa5a075d9804424a588982d20795a6e/csrc/extensions.h:12,
                       from /tmp/pip-install-vvo2gusr/transformer-engine-torch_aaa5a075d9804424a588982d20795a6e/csrc/extensions/apply_rope.cpp:7:
      <repo>/.venv_evo2cu128/lib/python3.11/site-packages/torch/include/ATen/cudnn/cudnn-wrapper.h:3:10: fatal error: cudnn.h: No such file or directory
          3 | #include <cudnn.h>
            |          ^~~~~~~~~
      compilation terminated.
      [9/25] c++ -MMD -MF /tmp/pip-install-vvo2gusr/transformer-engine-torch_aaa5a075d9804424a588982d20795a6e/build/temp.linux-x86_64-cpython-311/csrc/extensions/misc.o.d -Wsign-compare -DNDEBUG -g -fwrapv -O2 -Wall -g -fstack-protector-strong -Wformat -Werror=format-security -g -fwrapv -O2 -fPIC -I/tmp/pip-install-vvo2gusr/transformer-engine-torch_aaa5a075d9804424a588982d20795a6e/common_headers -I/tmp/pip-install-vvo2gusr/transformer-engine-torch_aaa5a075d9804424a588982d20795a6e/common_headers/common -I/tmp/pip-install-vvo2gusr/transformer-engine-torch_aaa5a075d9804424a588982d20795a6e/common_headers/common/include -I/tmp/pip-install-vvo2gusr/transformer-engine-torch_aaa5a075d9804424a588982d20795a6e/csrc -I<repo>/.venv_evo2cu128/lib/python3.11/site-packages/torch/include -I<repo>/.venv_evo2cu128/lib/python3.11/site-packages/torch/include/torch/csrc/api/include -I/usr/local/cuda-12.4/include -I<repo>/.venv_evo2cu128/include -I/usr/include/python3.11 -c -c /tmp/pip-install-vvo2gusr/transformer-engine-torch_aaa5a075d9804424a588982d20795a6e/csrc/extensions/misc.cpp -o /tmp/pip-install-vvo2gusr/transformer-engine-torch_aaa5a075d9804424a588982d20795a6e/build/temp.linux-x86_64-cpython-311/csrc/extensions/misc.o -O3 -fvisibility=hidden -DTORCH_API_INCLUDE_EXTENSION_H '-DPYBIND11_COMPILER_TYPE="_gcc"' '-DPYBIND11_STDLIB="_libstdcpp"' '-DPYBIND11_BUILD_ABI="_cxxabi1016"' -DTORCH_EXTENSION_NAME=transformer_engine_torch -D_GLIBCXX_USE_CXX11_ABI=1 -std=c++17
      FAILED: [code=1] /tmp/pip-install-vvo2gusr/transformer-engine-torch_aaa5a075d9804424a588982d20795a6e/build/temp.linux-x86_64-cpython-311/csrc/extensions/misc.o
      c++ -MMD -MF /tmp/pip-install-vvo2gusr/transformer-engine-torch_aaa5a075d9804424a588982d20795a6e/build/temp.linux-x86_64-cpython-311/csrc/extensions/misc.o.d -Wsign-compare -DNDEBUG -g -fwrapv -O2 -Wall -g -fstack-protector-strong -Wformat -Werror=format-security -g -fwrapv -O2 -fPIC -I/tmp/pip-install-vvo2gusr/transformer-engine-torch_aaa5a075d9804424a588982d20795a6e/common_headers -I/tmp/pip-install-vvo2gusr/transformer-engine-torch_aaa5a075d9804424a588982d20795a6e/common_headers/common -I/tmp/pip-install-vvo2gusr/transformer-engine-torch_aaa5a075d9804424a588982d20795a6e/common_headers/common/include -I/tmp/pip-install-vvo2gusr/transformer-engine-torch_aaa5a075d9804424a588982d20795a6e/csrc -I<repo>/.venv_evo2cu128/lib/python3.11/site-packages/torch/include -I<repo>/.venv_evo2cu128/lib/python3.11/site-packages/torch/include/torch/csrc/api/include -I/usr/local/cuda-12.4/include -I<repo>/.venv_evo2cu128/include -I/usr/include/python3.11 -c -c /tmp/pip-install-vvo2gusr/transformer-engine-torch_aaa5a075d9804424a588982d20795a6e/csrc/extensions/misc.cpp -o /tmp/pip-install-vvo2gusr/transformer-engine-torch_aaa5a075d9804424a588982d20795a6e/build/temp.linux-x86_64-cpython-311/csrc/extensions/misc.o -O3 -fvisibility=hidden -DTORCH_API_INCLUDE_EXTENSION_H '-DPYBIND11_COMPILER_TYPE="_gcc"' '-DPYBIND11_STDLIB="_libstdcpp"' '-DPYBIND11_BUILD_ABI="_cxxabi1016"' -DTORCH_EXTENSION_NAME=transformer_engine_torch -D_GLIBCXX_USE_CXX11_ABI=1 -std=c++17
      In file included from <repo>/.venv_evo2cu128/lib/python3.11/site-packages/torch/include/ATen/cudnn/Handle.h:4,
                       from /tmp/pip-install-vvo2gusr/transformer-engine-torch_aaa5a075d9804424a588982d20795a6e/csrc/common.h:14,
                       from /tmp/pip-install-vvo2gusr/transformer-engine-torch_aaa5a075d9804424a588982d20795a6e/csrc/extensions.h:12,
                       from /tmp/pip-install-vvo2gusr/transformer-engine-torch_aaa5a075d9804424a588982d20795a6e/csrc/extensions/misc.cpp:7:
      <repo>/.venv_evo2cu128/lib/python3.11/site-packages/torch/include/ATen/cudnn/cudnn-wrapper.h:3:10: fatal error: cudnn.h: No such file or directory
          3 | #include <cudnn.h>
            |          ^~~~~~~~~
      compilation terminated.
      [10/25] c++ -MMD -MF /tmp/pip-install-vvo2gusr/transformer-engine-torch_aaa5a075d9804424a588982d20795a6e/build/temp.linux-x86_64-cpython-311/csrc/extensions/gemm.o.d -Wsign-compare -DNDEBUG -g -fwrapv -O2 -Wall -g -fstack-protector-strong -Wformat -Werror=format-security -g -fwrapv -O2 -fPIC -I/tmp/pip-install-vvo2gusr/transformer-engine-torch_aaa5a075d9804424a588982d20795a6e/common_headers -I/tmp/pip-install-vvo2gusr/transformer-engine-torch_aaa5a075d9804424a588982d20795a6e/common_headers/common -I/tmp/pip-install-vvo2gusr/transformer-engine-torch_aaa5a075d9804424a588982d20795a6e/common_headers/common/include -I/tmp/pip-install-vvo2gusr/transformer-engine-torch_aaa5a075d9804424a588982d20795a6e/csrc -I<repo>/.venv_evo2cu128/lib/python3.11/site-packages/torch/include -I<repo>/.venv_evo2cu128/lib/python3.11/site-packages/torch/include/torch/csrc/api/include -I/usr/local/cuda-12.4/include -I<repo>/.venv_evo2cu128/include -I/usr/include/python3.11 -c -c /tmp/pip-install-vvo2gusr/transformer-engine-torch_aaa5a075d9804424a588982d20795a6e/csrc/extensions/gemm.cpp -o /tmp/pip-install-vvo2gusr/transformer-engine-torch_aaa5a075d9804424a588982d20795a6e/build/temp.linux-x86_64-cpython-311/csrc/extensions/gemm.o -O3 -fvisibility=hidden -DTORCH_API_INCLUDE_EXTENSION_H '-DPYBIND11_COMPILER_TYPE="_gcc"' '-DPYBIND11_STDLIB="_libstdcpp"' '-DPYBIND11_BUILD_ABI="_cxxabi1016"' -DTORCH_EXTENSION_NAME=transformer_engine_torch -D_GLIBCXX_USE_CXX11_ABI=1 -std=c++17
      FAILED: [code=1] /tmp/pip-install-vvo2gusr/transformer-engine-torch_aaa5a075d9804424a588982d20795a6e/build/temp.linux-x86_64-cpython-311/csrc/extensions/gemm.o
      c++ -MMD -MF /tmp/pip-install-vvo2gusr/transformer-engine-torch_aaa5a075d9804424a588982d20795a6e/build/temp.linux-x86_64-cpython-311/csrc/extensions/gemm.o.d -Wsign-compare -DNDEBUG -g -fwrapv -O2 -Wall -g -fstack-protector-strong -Wformat -Werror=format-security -g -fwrapv -O2 -fPIC -I/tmp/pip-install-vvo2gusr/transformer-engine-torch_aaa5a075d9804424a588982d20795a6e/common_headers -I/tmp/pip-install-vvo2gusr/transformer-engine-torch_aaa5a075d9804424a588982d20795a6e/common_headers/common -I/tmp/pip-install-vvo2gusr/transformer-engine-torch_aaa5a075d9804424a588982d20795a6e/common_headers/common/include -I/tmp/pip-install-vvo2gusr/transformer-engine-torch_aaa5a075d9804424a588982d20795a6e/csrc -I<repo>/.venv_evo2cu128/lib/python3.11/site-packages/torch/include -I<repo>/.venv_evo2cu128/lib/python3.11/site-packages/torch/include/torch/csrc/api/include -I/usr/local/cuda-12.4/include -I<repo>/.venv_evo2cu128/include -I/usr/include/python3.11 -c -c /tmp/pip-install-vvo2gusr/transformer-engine-torch_aaa5a075d9804424a588982d20795a6e/csrc/extensions/gemm.cpp -o /tmp/pip-install-vvo2gusr/transformer-engine-torch_aaa5a075d9804424a588982d20795a6e/build/temp.linux-x86_64-cpython-311/csrc/extensions/gemm.o -O3 -fvisibility=hidden -DTORCH_API_INCLUDE_EXTENSION_H '-DPYBIND11_COMPILER_TYPE="_gcc"' '-DPYBIND11_STDLIB="_libstdcpp"' '-DPYBIND11_BUILD_ABI="_cxxabi1016"' -DTORCH_EXTENSION_NAME=transformer_engine_torch -D_GLIBCXX_USE_CXX11_ABI=1 -std=c++17
      In file included from <repo>/.venv_evo2cu128/lib/python3.11/site-packages/torch/include/ATen/cudnn/Handle.h:4,
                       from /tmp/pip-install-vvo2gusr/transformer-engine-torch_aaa5a075d9804424a588982d20795a6e/csrc/extensions/../common.h:14,
                       from /tmp/pip-install-vvo2gusr/transformer-engine-torch_aaa5a075d9804424a588982d20795a6e/csrc/extensions/gemm.cpp:13:
      <repo>/.venv_evo2cu128/lib/python3.11/site-packages/torch/include/ATen/cudnn/cudnn-wrapper.h:3:10: fatal error: cudnn.h: No such file or directory
          3 | #include <cudnn.h>
            |          ^~~~~~~~~
      compilation terminated.
      [11/25] /usr/local/cuda-12.4/bin/nvcc --generate-dependencies-with-compile --dependency-output /tmp/pip-install-vvo2gusr/transformer-engine-torch_aaa5a075d9804424a588982d20795a6e/build/temp.linux-x86_64-cpython-311/csrc/extensions/attention.o.d -I/tmp/pip-install-vvo2gusr/transformer-engine-torch_aaa5a075d9804424a588982d20795a6e/common_headers -I/tmp/pip-install-vvo2gusr/transformer-engine-torch_aaa5a075d9804424a588982d20795a6e/common_headers/common -I/tmp/pip-install-vvo2gusr/transformer-engine-torch_aaa5a075d9804424a588982d20795a6e/common_headers/common/include -I/tmp/pip-install-vvo2gusr/transformer-engine-torch_aaa5a075d9804424a588982d20795a6e/csrc -I<repo>/.venv_evo2cu128/lib/python3.11/site-packages/torch/include -I<repo>/.venv_evo2cu128/lib/python3.11/site-packages/torch/include/torch/csrc/api/include -I/usr/local/cuda-12.4/include -I<repo>/.venv_evo2cu128/include -I/usr/include/python3.11 -c -c /tmp/pip-install-vvo2gusr/transformer-engine-torch_aaa5a075d9804424a588982d20795a6e/csrc/extensions/attention.cu -o /tmp/pip-install-vvo2gusr/transformer-engine-torch_aaa5a075d9804424a588982d20795a6e/build/temp.linux-x86_64-cpython-311/csrc/extensions/attention.o -D__CUDA_NO_HALF_OPERATORS__ -D__CUDA_NO_HALF_CONVERSIONS__ -D__CUDA_NO_BFLOAT16_CONVERSIONS__ -D__CUDA_NO_HALF2_OPERATORS__ --expt-relaxed-constexpr --compiler-options ''"'"'-fPIC'"'"'' -O3 -U__CUDA_NO_HALF_OPERATORS__ -U__CUDA_NO_HALF_CONVERSIONS__ -U__CUDA_NO_BFLOAT16_OPERATORS__ -U__CUDA_NO_BFLOAT16_CONVERSIONS__ -U__CUDA_NO_BFLOAT162_OPERATORS__ -U__CUDA_NO_BFLOAT162_CONVERSIONS__ --expt-relaxed-constexpr --expt-extended-lambda --use_fast_math -gencode arch=compute_70,code=sm_70 --threads 1 -gencode arch=compute_80,code=sm_80 -gencode arch=compute_89,code=sm_89 -gencode arch=compute_90,code=sm_90 -DTORCH_API_INCLUDE_EXTENSION_H '-DPYBIND11_COMPILER_TYPE="_gcc"' '-DPYBIND11_STDLIB="_libstdcpp"' '-DPYBIND11_BUILD_ABI="_cxxabi1016"' -DTORCH_EXTENSION_NAME=transformer_engine_torch -D_GLIBCXX_USE_CXX11_ABI=1 -std=c++17
      FAILED: [code=1] /tmp/pip-install-vvo2gusr/transformer-engine-torch_aaa5a075d9804424a588982d20795a6e/build/temp.linux-x86_64-cpython-311/csrc/extensions/attention.o
      /usr/local/cuda-12.4/bin/nvcc --generate-dependencies-with-compile --dependency-output /tmp/pip-install-vvo2gusr/transformer-engine-torch_aaa5a075d9804424a588982d20795a6e/build/temp.linux-x86_64-cpython-311/csrc/extensions/attention.o.d -I/tmp/pip-install-vvo2gusr/transformer-engine-torch_aaa5a075d9804424a588982d20795a6e/common_headers -I/tmp/pip-install-vvo2gusr/transformer-engine-torch_aaa5a075d9804424a588982d20795a6e/common_headers/common -I/tmp/pip-install-vvo2gusr/transformer-engine-torch_aaa5a075d9804424a588982d20795a6e/common_headers/common/include -I/tmp/pip-install-vvo2gusr/transformer-engine-torch_aaa5a075d9804424a588982d20795a6e/csrc -I<repo>/.venv_evo2cu128/lib/python3.11/site-packages/torch/include -I<repo>/.venv_evo2cu128/lib/python3.11/site-packages/torch/include/torch/csrc/api/include -I/usr/local/cuda-12.4/include -I<repo>/.venv_evo2cu128/include -I/usr/include/python3.11 -c -c /tmp/pip-install-vvo2gusr/transformer-engine-torch_aaa5a075d9804424a588982d20795a6e/csrc/extensions/attention.cu -o /tmp/pip-install-vvo2gusr/transformer-engine-torch_aaa5a075d9804424a588982d20795a6e/build/temp.linux-x86_64-cpython-311/csrc/extensions/attention.o -D__CUDA_NO_HALF_OPERATORS__ -D__CUDA_NO_HALF_CONVERSIONS__ -D__CUDA_NO_BFLOAT16_CONVERSIONS__ -D__CUDA_NO_HALF2_OPERATORS__ --expt-relaxed-constexpr --compiler-options ''"'"'-fPIC'"'"'' -O3 -U__CUDA_NO_HALF_OPERATORS__ -U__CUDA_NO_HALF_CONVERSIONS__ -U__CUDA_NO_BFLOAT16_OPERATORS__ -U__CUDA_NO_BFLOAT16_CONVERSIONS__ -U__CUDA_NO_BFLOAT162_OPERATORS__ -U__CUDA_NO_BFLOAT162_CONVERSIONS__ --expt-relaxed-constexpr --expt-extended-lambda --use_fast_math -gencode arch=compute_70,code=sm_70 --threads 1 -gencode arch=compute_80,code=sm_80 -gencode arch=compute_89,code=sm_89 -gencode arch=compute_90,code=sm_90 -DTORCH_API_INCLUDE_EXTENSION_H '-DPYBIND11_COMPILER_TYPE="_gcc"' '-DPYBIND11_STDLIB="_libstdcpp"' '-DPYBIND11_BUILD_ABI="_cxxabi1016"' -DTORCH_EXTENSION_NAME=transformer_engine_torch -D_GLIBCXX_USE_CXX11_ABI=1 -std=c++17
      In file included from <repo>/.venv_evo2cu128/lib/python3.11/site-packages/torch/include/ATen/cudnn/Handle.h:4,
                       from /tmp/pip-install-vvo2gusr/transformer-engine-torch_aaa5a075d9804424a588982d20795a6e/csrc/common.h:14,
                       from /tmp/pip-install-vvo2gusr/transformer-engine-torch_aaa5a075d9804424a588982d20795a6e/csrc/extensions.h:12,
                       from /tmp/pip-install-vvo2gusr/transformer-engine-torch_aaa5a075d9804424a588982d20795a6e/csrc/extensions/attention.cu:6:
      <repo>/.venv_evo2cu128/lib/python3.11/site-packages/torch/include/ATen/cudnn/cudnn-wrapper.h:3:10: fatal error: cudnn.h: No such file or directory
          3 | #include <cudnn.h>
            |          ^~~~~~~~~
      compilation terminated.
      [12/25] /usr/local/cuda-12.4/bin/nvcc --generate-dependencies-with-compile --dependency-output /tmp/pip-install-vvo2gusr/transformer-engine-torch_aaa5a075d9804424a588982d20795a6e/build/temp.linux-x86_64-cpython-311/csrc/extensions/multi_tensor/multi_tensor_sgd_kernel.o.d -I/tmp/pip-install-vvo2gusr/transformer-engine-torch_aaa5a075d9804424a588982d20795a6e/common_headers -I/tmp/pip-install-vvo2gusr/transformer-engine-torch_aaa5a075d9804424a588982d20795a6e/common_headers/common -I/tmp/pip-install-vvo2gusr/transformer-engine-torch_aaa5a075d9804424a588982d20795a6e/common_headers/common/include -I/tmp/pip-install-vvo2gusr/transformer-engine-torch_aaa5a075d9804424a588982d20795a6e/csrc -I<repo>/.venv_evo2cu128/lib/python3.11/site-packages/torch/include -I<repo>/.venv_evo2cu128/lib/python3.11/site-packages/torch/include/torch/csrc/api/include -I/usr/local/cuda-12.4/include -I<repo>/.venv_evo2cu128/include -I/usr/include/python3.11 -c -c /tmp/pip-install-vvo2gusr/transformer-engine-torch_aaa5a075d9804424a588982d20795a6e/csrc/extensions/multi_tensor/multi_tensor_sgd_kernel.cu -o /tmp/pip-install-vvo2gusr/transformer-engine-torch_aaa5a075d9804424a588982d20795a6e/build/temp.linux-x86_64-cpython-311/csrc/extensions/multi_tensor/multi_tensor_sgd_kernel.o -D__CUDA_NO_HALF_OPERATORS__ -D__CUDA_NO_HALF_CONVERSIONS__ -D__CUDA_NO_BFLOAT16_CONVERSIONS__ -D__CUDA_NO_HALF2_OPERATORS__ --expt-relaxed-constexpr --compiler-options ''"'"'-fPIC'"'"'' -O3 -U__CUDA_NO_HALF_OPERATORS__ -U__CUDA_NO_HALF_CONVERSIONS__ -U__CUDA_NO_BFLOAT16_OPERATORS__ -U__CUDA_NO_BFLOAT16_CONVERSIONS__ -U__CUDA_NO_BFLOAT162_OPERATORS__ -U__CUDA_NO_BFLOAT162_CONVERSIONS__ --expt-relaxed-constexpr --expt-extended-lambda --use_fast_math -gencode arch=compute_70,code=sm_70 --threads 1 -gencode arch=compute_80,code=sm_80 -gencode arch=compute_89,code=sm_89 -gencode arch=compute_90,code=sm_90 -DTORCH_API_INCLUDE_EXTENSION_H '-DPYBIND11_COMPILER_TYPE="_gcc"' '-DPYBIND11_STDLIB="_libstdcpp"' '-DPYBIND11_BUILD_ABI="_cxxabi1016"' -DTORCH_EXTENSION_NAME=transformer_engine_torch -D_GLIBCXX_USE_CXX11_ABI=1 -std=c++17
      FAILED: [code=1] /tmp/pip-install-vvo2gusr/transformer-engine-torch_aaa5a075d9804424a588982d20795a6e/build/temp.linux-x86_64-cpython-311/csrc/extensions/multi_tensor/multi_tensor_sgd_kernel.o
      /usr/local/cuda-12.4/bin/nvcc --generate-dependencies-with-compile --dependency-output /tmp/pip-install-vvo2gusr/transformer-engine-torch_aaa5a075d9804424a588982d20795a6e/build/temp.linux-x86_64-cpython-311/csrc/extensions/multi_tensor/multi_tensor_sgd_kernel.o.d -I/tmp/pip-install-vvo2gusr/transformer-engine-torch_aaa5a075d9804424a588982d20795a6e/common_headers -I/tmp/pip-install-vvo2gusr/transformer-engine-torch_aaa5a075d9804424a588982d20795a6e/common_headers/common -I/tmp/pip-install-vvo2gusr/transformer-engine-torch_aaa5a075d9804424a588982d20795a6e/common_headers/common/include -I/tmp/pip-install-vvo2gusr/transformer-engine-torch_aaa5a075d9804424a588982d20795a6e/csrc -I<repo>/.venv_evo2cu128/lib/python3.11/site-packages/torch/include -I<repo>/.venv_evo2cu128/lib/python3.11/site-packages/torch/include/torch/csrc/api/include -I/usr/local/cuda-12.4/include -I<repo>/.venv_evo2cu128/include -I/usr/include/python3.11 -c -c /tmp/pip-install-vvo2gusr/transformer-engine-torch_aaa5a075d9804424a588982d20795a6e/csrc/extensions/multi_tensor/multi_tensor_sgd_kernel.cu -o /tmp/pip-install-vvo2gusr/transformer-engine-torch_aaa5a075d9804424a588982d20795a6e/build/temp.linux-x86_64-cpython-311/csrc/extensions/multi_tensor/multi_tensor_sgd_kernel.o -D__CUDA_NO_HALF_OPERATORS__ -D__CUDA_NO_HALF_CONVERSIONS__ -D__CUDA_NO_BFLOAT16_CONVERSIONS__ -D__CUDA_NO_HALF2_OPERATORS__ --expt-relaxed-constexpr --compiler-options ''"'"'-fPIC'"'"'' -O3 -U__CUDA_NO_HALF_OPERATORS__ -U__CUDA_NO_HALF_CONVERSIONS__ -U__CUDA_NO_BFLOAT16_OPERATORS__ -U__CUDA_NO_BFLOAT16_CONVERSIONS__ -U__CUDA_NO_BFLOAT162_OPERATORS__ -U__CUDA_NO_BFLOAT162_CONVERSIONS__ --expt-relaxed-constexpr --expt-extended-lambda --use_fast_math -gencode arch=compute_70,code=sm_70 --threads 1 -gencode arch=compute_80,code=sm_80 -gencode arch=compute_89,code=sm_89 -gencode arch=compute_90,code=sm_90 -DTORCH_API_INCLUDE_EXTENSION_H '-DPYBIND11_COMPILER_TYPE="_gcc"' '-DPYBIND11_STDLIB="_libstdcpp"' '-DPYBIND11_BUILD_ABI="_cxxabi1016"' -DTORCH_EXTENSION_NAME=transformer_engine_torch -D_GLIBCXX_USE_CXX11_ABI=1 -std=c++17
      In file included from /tmp/pip-install-vvo2gusr/transformer-engine-torch_aaa5a075d9804424a588982d20795a6e/common_headers/common/common.h:28,
                       from /tmp/pip-install-vvo2gusr/transformer-engine-torch_aaa5a075d9804424a588982d20795a6e/csrc/multi_tensor_apply.cuh:15,
                       from /tmp/pip-install-vvo2gusr/transformer-engine-torch_aaa5a075d9804424a588982d20795a6e/csrc/extensions/multi_tensor/multi_tensor_sgd_kernel.cu:13:
      /tmp/pip-install-vvo2gusr/transformer-engine-torch_aaa5a075d9804424a588982d20795a6e/common_headers/common/./util/logging.h:12:10: fatal error: cudnn.h: No such file or directory
         12 | #include <cudnn.h>
            |          ^~~~~~~~~
      compilation terminated.
      [13/25] /usr/local/cuda-12.4/bin/nvcc --generate-dependencies-with-compile --dependency-output /tmp/pip-install-vvo2gusr/transformer-engine-torch_aaa5a075d9804424a588982d20795a6e/build/temp.linux-x86_64-cpython-311/csrc/extensions/multi_tensor/multi_tensor_compute_scale.o.d -I/tmp/pip-install-vvo2gusr/transformer-engine-torch_aaa5a075d9804424a588982d20795a6e/common_headers -I/tmp/pip-install-vvo2gusr/transformer-engine-torch_aaa5a075d9804424a588982d20795a6e/common_headers/common -I/tmp/pip-install-vvo2gusr/transformer-engine-torch_aaa5a075d9804424a588982d20795a6e/common_headers/common/include -I/tmp/pip-install-vvo2gusr/transformer-engine-torch_aaa5a075d9804424a588982d20795a6e/csrc -I<repo>/.venv_evo2cu128/lib/python3.11/site-packages/torch/include -I<repo>/.venv_evo2cu128/lib/python3.11/site-packages/torch/include/torch/csrc/api/include -I/usr/local/cuda-12.4/include -I<repo>/.venv_evo2cu128/include -I/usr/include/python3.11 -c -c /tmp/pip-install-vvo2gusr/transformer-engine-torch_aaa5a075d9804424a588982d20795a6e/csrc/extensions/multi_tensor/multi_tensor_compute_scale.cu -o /tmp/pip-install-vvo2gusr/transformer-engine-torch_aaa5a075d9804424a588982d20795a6e/build/temp.linux-x86_64-cpython-311/csrc/extensions/multi_tensor/multi_tensor_compute_scale.o -D__CUDA_NO_HALF_OPERATORS__ -D__CUDA_NO_HALF_CONVERSIONS__ -D__CUDA_NO_BFLOAT16_CONVERSIONS__ -D__CUDA_NO_HALF2_OPERATORS__ --expt-relaxed-constexpr --compiler-options ''"'"'-fPIC'"'"'' -O3 -U__CUDA_NO_HALF_OPERATORS__ -U__CUDA_NO_HALF_CONVERSIONS__ -U__CUDA_NO_BFLOAT16_OPERATORS__ -U__CUDA_NO_BFLOAT16_CONVERSIONS__ -U__CUDA_NO_BFLOAT162_OPERATORS__ -U__CUDA_NO_BFLOAT162_CONVERSIONS__ --expt-relaxed-constexpr --expt-extended-lambda --use_fast_math -gencode arch=compute_70,code=sm_70 --threads 1 -gencode arch=compute_80,code=sm_80 -gencode arch=compute_89,code=sm_89 -gencode arch=compute_90,code=sm_90 -DTORCH_API_INCLUDE_EXTENSION_H '-DPYBIND11_COMPILER_TYPE="_gcc"' '-DPYBIND11_STDLIB="_libstdcpp"' '-DPYBIND11_BUILD_ABI="_cxxabi1016"' -DTORCH_EXTENSION_NAME=transformer_engine_torch -D_GLIBCXX_USE_CXX11_ABI=1 -std=c++17
      FAILED: [code=1] /tmp/pip-install-vvo2gusr/transformer-engine-torch_aaa5a075d9804424a588982d20795a6e/build/temp.linux-x86_64-cpython-311/csrc/extensions/multi_tensor/multi_tensor_compute_scale.o
      /usr/local/cuda-12.4/bin/nvcc --generate-dependencies-with-compile --dependency-output /tmp/pip-install-vvo2gusr/transformer-engine-torch_aaa5a075d9804424a588982d20795a6e/build/temp.linux-x86_64-cpython-311/csrc/extensions/multi_tensor/multi_tensor_compute_scale.o.d -I/tmp/pip-install-vvo2gusr/transformer-engine-torch_aaa5a075d9804424a588982d20795a6e/common_headers -I/tmp/pip-install-vvo2gusr/transformer-engine-torch_aaa5a075d9804424a588982d20795a6e/common_headers/common -I/tmp/pip-install-vvo2gusr/transformer-engine-torch_aaa5a075d9804424a588982d20795a6e/common_headers/common/include -I/tmp/pip-install-vvo2gusr/transformer-engine-torch_aaa5a075d9804424a588982d20795a6e/csrc -I<repo>/.venv_evo2cu128/lib/python3.11/site-packages/torch/include -I<repo>/.venv_evo2cu128/lib/python3.11/site-packages/torch/include/torch/csrc/api/include -I/usr/local/cuda-12.4/include -I<repo>/.venv_evo2cu128/include -I/usr/include/python3.11 -c -c /tmp/pip-install-vvo2gusr/transformer-engine-torch_aaa5a075d9804424a588982d20795a6e/csrc/extensions/multi_tensor/multi_tensor_compute_scale.cu -o /tmp/pip-install-vvo2gusr/transformer-engine-torch_aaa5a075d9804424a588982d20795a6e/build/temp.linux-x86_64-cpython-311/csrc/extensions/multi_tensor/multi_tensor_compute_scale.o -D__CUDA_NO_HALF_OPERATORS__ -D__CUDA_NO_HALF_CONVERSIONS__ -D__CUDA_NO_BFLOAT16_CONVERSIONS__ -D__CUDA_NO_HALF2_OPERATORS__ --expt-relaxed-constexpr --compiler-options ''"'"'-fPIC'"'"'' -O3 -U__CUDA_NO_HALF_OPERATORS__ -U__CUDA_NO_HALF_CONVERSIONS__ -U__CUDA_NO_BFLOAT16_OPERATORS__ -U__CUDA_NO_BFLOAT16_CONVERSIONS__ -U__CUDA_NO_BFLOAT162_OPERATORS__ -U__CUDA_NO_BFLOAT162_CONVERSIONS__ --expt-relaxed-constexpr --expt-extended-lambda --use_fast_math -gencode arch=compute_70,code=sm_70 --threads 1 -gencode arch=compute_80,code=sm_80 -gencode arch=compute_89,code=sm_89 -gencode arch=compute_90,code=sm_90 -DTORCH_API_INCLUDE_EXTENSION_H '-DPYBIND11_COMPILER_TYPE="_gcc"' '-DPYBIND11_STDLIB="_libstdcpp"' '-DPYBIND11_BUILD_ABI="_cxxabi1016"' -DTORCH_EXTENSION_NAME=transformer_engine_torch -D_GLIBCXX_USE_CXX11_ABI=1 -std=c++17
      In file included from /tmp/pip-install-vvo2gusr/transformer-engine-torch_aaa5a075d9804424a588982d20795a6e/common_headers/common/common.h:28,
                       from /tmp/pip-install-vvo2gusr/transformer-engine-torch_aaa5a075d9804424a588982d20795a6e/common_headers/common/recipe/recipe_common.cuh:10,
                       from /tmp/pip-install-vvo2gusr/transformer-engine-torch_aaa5a075d9804424a588982d20795a6e/csrc/extensions/multi_tensor/multi_tensor_compute_scale.cu:20:
      /tmp/pip-install-vvo2gusr/transformer-engine-torch_aaa5a075d9804424a588982d20795a6e/common_headers/common/./util/logging.h:12:10: fatal error: cudnn.h: No such file or directory
         12 | #include <cudnn.h>
            |          ^~~~~~~~~
      compilation terminated.
      [14/25] /usr/local/cuda-12.4/bin/nvcc --generate-dependencies-with-compile --dependency-output /tmp/pip-install-vvo2gusr/transformer-engine-torch_aaa5a075d9804424a588982d20795a6e/build/temp.linux-x86_64-cpython-311/csrc/extensions/multi_tensor/multi_tensor_l2norm_kernel.o.d -I/tmp/pip-install-vvo2gusr/transformer-engine-torch_aaa5a075d9804424a588982d20795a6e/common_headers -I/tmp/pip-install-vvo2gusr/transformer-engine-torch_aaa5a075d9804424a588982d20795a6e/common_headers/common -I/tmp/pip-install-vvo2gusr/transformer-engine-torch_aaa5a075d9804424a588982d20795a6e/common_headers/common/include -I/tmp/pip-install-vvo2gusr/transformer-engine-torch_aaa5a075d9804424a588982d20795a6e/csrc -I<repo>/.venv_evo2cu128/lib/python3.11/site-packages/torch/include -I<repo>/.venv_evo2cu128/lib/python3.11/site-packages/torch/include/torch/csrc/api/include -I/usr/local/cuda-12.4/include -I<repo>/.venv_evo2cu128/include -I/usr/include/python3.11 -c -c /tmp/pip-install-vvo2gusr/transformer-engine-torch_aaa5a075d9804424a588982d20795a6e/csrc/extensions/multi_tensor/multi_tensor_l2norm_kernel.cu -o /tmp/pip-install-vvo2gusr/transformer-engine-torch_aaa5a075d9804424a588982d20795a6e/build/temp.linux-x86_64-cpython-311/csrc/extensions/multi_tensor/multi_tensor_l2norm_kernel.o -D__CUDA_NO_HALF_OPERATORS__ -D__CUDA_NO_HALF_CONVERSIONS__ -D__CUDA_NO_BFLOAT16_CONVERSIONS__ -D__CUDA_NO_HALF2_OPERATORS__ --expt-relaxed-constexpr --compiler-options ''"'"'-fPIC'"'"'' -O3 -U__CUDA_NO_HALF_OPERATORS__ -U__CUDA_NO_HALF_CONVERSIONS__ -U__CUDA_NO_BFLOAT16_OPERATORS__ -U__CUDA_NO_BFLOAT16_CONVERSIONS__ -U__CUDA_NO_BFLOAT162_OPERATORS__ -U__CUDA_NO_BFLOAT162_CONVERSIONS__ --expt-relaxed-constexpr --expt-extended-lambda --use_fast_math -gencode arch=compute_70,code=sm_70 --threads 1 -gencode arch=compute_80,code=sm_80 -gencode arch=compute_89,code=sm_89 -gencode arch=compute_90,code=sm_90 -DTORCH_API_INCLUDE_EXTENSION_H '-DPYBIND11_COMPILER_TYPE="_gcc"' '-DPYBIND11_STDLIB="_libstdcpp"' '-DPYBIND11_BUILD_ABI="_cxxabi1016"' -DTORCH_EXTENSION_NAME=transformer_engine_torch -D_GLIBCXX_USE_CXX11_ABI=1 -std=c++17
      FAILED: [code=1] /tmp/pip-install-vvo2gusr/transformer-engine-torch_aaa5a075d9804424a588982d20795a6e/build/temp.linux-x86_64-cpython-311/csrc/extensions/multi_tensor/multi_tensor_l2norm_kernel.o
      /usr/local/cuda-12.4/bin/nvcc --generate-dependencies-with-compile --dependency-output /tmp/pip-install-vvo2gusr/transformer-engine-torch_aaa5a075d9804424a588982d20795a6e/build/temp.linux-x86_64-cpython-311/csrc/extensions/multi_tensor/multi_tensor_l2norm_kernel.o.d -I/tmp/pip-install-vvo2gusr/transformer-engine-torch_aaa5a075d9804424a588982d20795a6e/common_headers -I/tmp/pip-install-vvo2gusr/transformer-engine-torch_aaa5a075d9804424a588982d20795a6e/common_headers/common -I/tmp/pip-install-vvo2gusr/transformer-engine-torch_aaa5a075d9804424a588982d20795a6e/common_headers/common/include -I/tmp/pip-install-vvo2gusr/transformer-engine-torch_aaa5a075d9804424a588982d20795a6e/csrc -I<repo>/.venv_evo2cu128/lib/python3.11/site-packages/torch/include -I<repo>/.venv_evo2cu128/lib/python3.11/site-packages/torch/include/torch/csrc/api/include -I/usr/local/cuda-12.4/include -I<repo>/.venv_evo2cu128/include -I/usr/include/python3.11 -c -c /tmp/pip-install-vvo2gusr/transformer-engine-torch_aaa5a075d9804424a588982d20795a6e/csrc/extensions/multi_tensor/multi_tensor_l2norm_kernel.cu -o /tmp/pip-install-vvo2gusr/transformer-engine-torch_aaa5a075d9804424a588982d20795a6e/build/temp.linux-x86_64-cpython-311/csrc/extensions/multi_tensor/multi_tensor_l2norm_kernel.o -D__CUDA_NO_HALF_OPERATORS__ -D__CUDA_NO_HALF_CONVERSIONS__ -D__CUDA_NO_BFLOAT16_CONVERSIONS__ -D__CUDA_NO_HALF2_OPERATORS__ --expt-relaxed-constexpr --compiler-options ''"'"'-fPIC'"'"'' -O3 -U__CUDA_NO_HALF_OPERATORS__ -U__CUDA_NO_HALF_CONVERSIONS__ -U__CUDA_NO_BFLOAT16_OPERATORS__ -U__CUDA_NO_BFLOAT16_CONVERSIONS__ -U__CUDA_NO_BFLOAT162_OPERATORS__ -U__CUDA_NO_BFLOAT162_CONVERSIONS__ --expt-relaxed-constexpr --expt-extended-lambda --use_fast_math -gencode arch=compute_70,code=sm_70 --threads 1 -gencode arch=compute_80,code=sm_80 -gencode arch=compute_89,code=sm_89 -gencode arch=compute_90,code=sm_90 -DTORCH_API_INCLUDE_EXTENSION_H '-DPYBIND11_COMPILER_TYPE="_gcc"' '-DPYBIND11_STDLIB="_libstdcpp"' '-DPYBIND11_BUILD_ABI="_cxxabi1016"' -DTORCH_EXTENSION_NAME=transformer_engine_torch -D_GLIBCXX_USE_CXX11_ABI=1 -std=c++17
      In file included from /tmp/pip-install-vvo2gusr/transformer-engine-torch_aaa5a075d9804424a588982d20795a6e/common_headers/common/common.h:28,
                       from /tmp/pip-install-vvo2gusr/transformer-engine-torch_aaa5a075d9804424a588982d20795a6e/csrc/multi_tensor_apply.cuh:15,
                       from /tmp/pip-install-vvo2gusr/transformer-engine-torch_aaa5a075d9804424a588982d20795a6e/csrc/extensions/multi_tensor/multi_tensor_l2norm_kernel.cu:17:
      /tmp/pip-install-vvo2gusr/transformer-engine-torch_aaa5a075d9804424a588982d20795a6e/common_headers/common/./util/logging.h:12:10: fatal error: cudnn.h: No such file or directory
         12 | #include <cudnn.h>
            |          ^~~~~~~~~
      compilation terminated.
      [15/25] /usr/local/cuda-12.4/bin/nvcc --generate-dependencies-with-compile --dependency-output /tmp/pip-install-vvo2gusr/transformer-engine-torch_aaa5a075d9804424a588982d20795a6e/build/temp.linux-x86_64-cpython-311/csrc/extensions/multi_tensor/multi_tensor_adam.o.d -I/tmp/pip-install-vvo2gusr/transformer-engine-torch_aaa5a075d9804424a588982d20795a6e/common_headers -I/tmp/pip-install-vvo2gusr/transformer-engine-torch_aaa5a075d9804424a588982d20795a6e/common_headers/common -I/tmp/pip-install-vvo2gusr/transformer-engine-torch_aaa5a075d9804424a588982d20795a6e/common_headers/common/include -I/tmp/pip-install-vvo2gusr/transformer-engine-torch_aaa5a075d9804424a588982d20795a6e/csrc -I<repo>/.venv_evo2cu128/lib/python3.11/site-packages/torch/include -I<repo>/.venv_evo2cu128/lib/python3.11/site-packages/torch/include/torch/csrc/api/include -I/usr/local/cuda-12.4/include -I<repo>/.venv_evo2cu128/include -I/usr/include/python3.11 -c -c /tmp/pip-install-vvo2gusr/transformer-engine-torch_aaa5a075d9804424a588982d20795a6e/csrc/extensions/multi_tensor/multi_tensor_adam.cu -o /tmp/pip-install-vvo2gusr/transformer-engine-torch_aaa5a075d9804424a588982d20795a6e/build/temp.linux-x86_64-cpython-311/csrc/extensions/multi_tensor/multi_tensor_adam.o -D__CUDA_NO_HALF_OPERATORS__ -D__CUDA_NO_HALF_CONVERSIONS__ -D__CUDA_NO_BFLOAT16_CONVERSIONS__ -D__CUDA_NO_HALF2_OPERATORS__ --expt-relaxed-constexpr --compiler-options ''"'"'-fPIC'"'"'' -O3 -U__CUDA_NO_HALF_OPERATORS__ -U__CUDA_NO_HALF_CONVERSIONS__ -U__CUDA_NO_BFLOAT16_OPERATORS__ -U__CUDA_NO_BFLOAT16_CONVERSIONS__ -U__CUDA_NO_BFLOAT162_OPERATORS__ -U__CUDA_NO_BFLOAT162_CONVERSIONS__ --expt-relaxed-constexpr --expt-extended-lambda --use_fast_math -gencode arch=compute_70,code=sm_70 --threads 1 -gencode arch=compute_80,code=sm_80 -gencode arch=compute_89,code=sm_89 -gencode arch=compute_90,code=sm_90 -DTORCH_API_INCLUDE_EXTENSION_H '-DPYBIND11_COMPILER_TYPE="_gcc"' '-DPYBIND11_STDLIB="_libstdcpp"' '-DPYBIND11_BUILD_ABI="_cxxabi1016"' -DTORCH_EXTENSION_NAME=transformer_engine_torch -D_GLIBCXX_USE_CXX11_ABI=1 -std=c++17
      FAILED: [code=1] /tmp/pip-install-vvo2gusr/transformer-engine-torch_aaa5a075d9804424a588982d20795a6e/build/temp.linux-x86_64-cpython-311/csrc/extensions/multi_tensor/multi_tensor_adam.o
      /usr/local/cuda-12.4/bin/nvcc --generate-dependencies-with-compile --dependency-output /tmp/pip-install-vvo2gusr/transformer-engine-torch_aaa5a075d9804424a588982d20795a6e/build/temp.linux-x86_64-cpython-311/csrc/extensions/multi_tensor/multi_tensor_adam.o.d -I/tmp/pip-install-vvo2gusr/transformer-engine-torch_aaa5a075d9804424a588982d20795a6e/common_headers -I/tmp/pip-install-vvo2gusr/transformer-engine-torch_aaa5a075d9804424a588982d20795a6e/common_headers/common -I/tmp/pip-install-vvo2gusr/transformer-engine-torch_aaa5a075d9804424a588982d20795a6e/common_headers/common/include -I/tmp/pip-install-vvo2gusr/transformer-engine-torch_aaa5a075d9804424a588982d20795a6e/csrc -I<repo>/.venv_evo2cu128/lib/python3.11/site-packages/torch/include -I<repo>/.venv_evo2cu128/lib/python3.11/site-packages/torch/include/torch/csrc/api/include -I/usr/local/cuda-12.4/include -I<repo>/.venv_evo2cu128/include -I/usr/include/python3.11 -c -c /tmp/pip-install-vvo2gusr/transformer-engine-torch_aaa5a075d9804424a588982d20795a6e/csrc/extensions/multi_tensor/multi_tensor_adam.cu -o /tmp/pip-install-vvo2gusr/transformer-engine-torch_aaa5a075d9804424a588982d20795a6e/build/temp.linux-x86_64-cpython-311/csrc/extensions/multi_tensor/multi_tensor_adam.o -D__CUDA_NO_HALF_OPERATORS__ -D__CUDA_NO_HALF_CONVERSIONS__ -D__CUDA_NO_BFLOAT16_CONVERSIONS__ -D__CUDA_NO_HALF2_OPERATORS__ --expt-relaxed-constexpr --compiler-options ''"'"'-fPIC'"'"'' -O3 -U__CUDA_NO_HALF_OPERATORS__ -U__CUDA_NO_HALF_CONVERSIONS__ -U__CUDA_NO_BFLOAT16_OPERATORS__ -U__CUDA_NO_BFLOAT16_CONVERSIONS__ -U__CUDA_NO_BFLOAT162_OPERATORS__ -U__CUDA_NO_BFLOAT162_CONVERSIONS__ --expt-relaxed-constexpr --expt-extended-lambda --use_fast_math -gencode arch=compute_70,code=sm_70 --threads 1 -gencode arch=compute_80,code=sm_80 -gencode arch=compute_89,code=sm_89 -gencode arch=compute_90,code=sm_90 -DTORCH_API_INCLUDE_EXTENSION_H '-DPYBIND11_COMPILER_TYPE="_gcc"' '-DPYBIND11_STDLIB="_libstdcpp"' '-DPYBIND11_BUILD_ABI="_cxxabi1016"' -DTORCH_EXTENSION_NAME=transformer_engine_torch -D_GLIBCXX_USE_CXX11_ABI=1 -std=c++17
      In file included from /tmp/pip-install-vvo2gusr/transformer-engine-torch_aaa5a075d9804424a588982d20795a6e/common_headers/common/common.h:28,
                       from /tmp/pip-install-vvo2gusr/transformer-engine-torch_aaa5a075d9804424a588982d20795a6e/csrc/multi_tensor_apply.cuh:15,
                       from /tmp/pip-install-vvo2gusr/transformer-engine-torch_aaa5a075d9804424a588982d20795a6e/csrc/extensions/multi_tensor/multi_tensor_adam.cu:18:
      /tmp/pip-install-vvo2gusr/transformer-engine-torch_aaa5a075d9804424a588982d20795a6e/common_headers/common/./util/logging.h:12:10: fatal error: cudnn.h: No such file or directory
         12 | #include <cudnn.h>
            |          ^~~~~~~~~
      compilation terminated.
      [16/25] /usr/local/cuda-12.4/bin/nvcc --generate-dependencies-with-compile --dependency-output /tmp/pip-install-vvo2gusr/transformer-engine-torch_aaa5a075d9804424a588982d20795a6e/build/temp.linux-x86_64-cpython-311/csrc/extensions/multi_tensor/multi_tensor_scale_kernel.o.d -I/tmp/pip-install-vvo2gusr/transformer-engine-torch_aaa5a075d9804424a588982d20795a6e/common_headers -I/tmp/pip-install-vvo2gusr/transformer-engine-torch_aaa5a075d9804424a588982d20795a6e/common_headers/common -I/tmp/pip-install-vvo2gusr/transformer-engine-torch_aaa5a075d9804424a588982d20795a6e/common_headers/common/include -I/tmp/pip-install-vvo2gusr/transformer-engine-torch_aaa5a075d9804424a588982d20795a6e/csrc -I<repo>/.venv_evo2cu128/lib/python3.11/site-packages/torch/include -I<repo>/.venv_evo2cu128/lib/python3.11/site-packages/torch/include/torch/csrc/api/include -I/usr/local/cuda-12.4/include -I<repo>/.venv_evo2cu128/include -I/usr/include/python3.11 -c -c /tmp/pip-install-vvo2gusr/transformer-engine-torch_aaa5a075d9804424a588982d20795a6e/csrc/extensions/multi_tensor/multi_tensor_scale_kernel.cu -o /tmp/pip-install-vvo2gusr/transformer-engine-torch_aaa5a075d9804424a588982d20795a6e/build/temp.linux-x86_64-cpython-311/csrc/extensions/multi_tensor/multi_tensor_scale_kernel.o -D__CUDA_NO_HALF_OPERATORS__ -D__CUDA_NO_HALF_CONVERSIONS__ -D__CUDA_NO_BFLOAT16_CONVERSIONS__ -D__CUDA_NO_HALF2_OPERATORS__ --expt-relaxed-constexpr --compiler-options ''"'"'-fPIC'"'"'' -O3 -U__CUDA_NO_HALF_OPERATORS__ -U__CUDA_NO_HALF_CONVERSIONS__ -U__CUDA_NO_BFLOAT16_OPERATORS__ -U__CUDA_NO_BFLOAT16_CONVERSIONS__ -U__CUDA_NO_BFLOAT162_OPERATORS__ -U__CUDA_NO_BFLOAT162_CONVERSIONS__ --expt-relaxed-constexpr --expt-extended-lambda --use_fast_math -gencode arch=compute_70,code=sm_70 --threads 1 -gencode arch=compute_80,code=sm_80 -gencode arch=compute_89,code=sm_89 -gencode arch=compute_90,code=sm_90 -DTORCH_API_INCLUDE_EXTENSION_H '-DPYBIND11_COMPILER_TYPE="_gcc"' '-DPYBIND11_STDLIB="_libstdcpp"' '-DPYBIND11_BUILD_ABI="_cxxabi1016"' -DTORCH_EXTENSION_NAME=transformer_engine_torch -D_GLIBCXX_USE_CXX11_ABI=1 -std=c++17
      FAILED: [code=1] /tmp/pip-install-vvo2gusr/transformer-engine-torch_aaa5a075d9804424a588982d20795a6e/build/temp.linux-x86_64-cpython-311/csrc/extensions/multi_tensor/multi_tensor_scale_kernel.o
      /usr/local/cuda-12.4/bin/nvcc --generate-dependencies-with-compile --dependency-output /tmp/pip-install-vvo2gusr/transformer-engine-torch_aaa5a075d9804424a588982d20795a6e/build/temp.linux-x86_64-cpython-311/csrc/extensions/multi_tensor/multi_tensor_scale_kernel.o.d -I/tmp/pip-install-vvo2gusr/transformer-engine-torch_aaa5a075d9804424a588982d20795a6e/common_headers -I/tmp/pip-install-vvo2gusr/transformer-engine-torch_aaa5a075d9804424a588982d20795a6e/common_headers/common -I/tmp/pip-install-vvo2gusr/transformer-engine-torch_aaa5a075d9804424a588982d20795a6e/common_headers/common/include -I/tmp/pip-install-vvo2gusr/transformer-engine-torch_aaa5a075d9804424a588982d20795a6e/csrc -I<repo>/.venv_evo2cu128/lib/python3.11/site-packages/torch/include -I<repo>/.venv_evo2cu128/lib/python3.11/site-packages/torch/include/torch/csrc/api/include -I/usr/local/cuda-12.4/include -I<repo>/.venv_evo2cu128/include -I/usr/include/python3.11 -c -c /tmp/pip-install-vvo2gusr/transformer-engine-torch_aaa5a075d9804424a588982d20795a6e/csrc/extensions/multi_tensor/multi_tensor_scale_kernel.cu -o /tmp/pip-install-vvo2gusr/transformer-engine-torch_aaa5a075d9804424a588982d20795a6e/build/temp.linux-x86_64-cpython-311/csrc/extensions/multi_tensor/multi_tensor_scale_kernel.o -D__CUDA_NO_HALF_OPERATORS__ -D__CUDA_NO_HALF_CONVERSIONS__ -D__CUDA_NO_BFLOAT16_CONVERSIONS__ -D__CUDA_NO_HALF2_OPERATORS__ --expt-relaxed-constexpr --compiler-options ''"'"'-fPIC'"'"'' -O3 -U__CUDA_NO_HALF_OPERATORS__ -U__CUDA_NO_HALF_CONVERSIONS__ -U__CUDA_NO_BFLOAT16_OPERATORS__ -U__CUDA_NO_BFLOAT16_CONVERSIONS__ -U__CUDA_NO_BFLOAT162_OPERATORS__ -U__CUDA_NO_BFLOAT162_CONVERSIONS__ --expt-relaxed-constexpr --expt-extended-lambda --use_fast_math -gencode arch=compute_70,code=sm_70 --threads 1 -gencode arch=compute_80,code=sm_80 -gencode arch=compute_89,code=sm_89 -gencode arch=compute_90,code=sm_90 -DTORCH_API_INCLUDE_EXTENSION_H '-DPYBIND11_COMPILER_TYPE="_gcc"' '-DPYBIND11_STDLIB="_libstdcpp"' '-DPYBIND11_BUILD_ABI="_cxxabi1016"' -DTORCH_EXTENSION_NAME=transformer_engine_torch -D_GLIBCXX_USE_CXX11_ABI=1 -std=c++17
      In file included from /tmp/pip-install-vvo2gusr/transformer-engine-torch_aaa5a075d9804424a588982d20795a6e/common_headers/common/common.h:28,
                       from /tmp/pip-install-vvo2gusr/transformer-engine-torch_aaa5a075d9804424a588982d20795a6e/csrc/multi_tensor_apply.cuh:15,
                       from /tmp/pip-install-vvo2gusr/transformer-engine-torch_aaa5a075d9804424a588982d20795a6e/csrc/extensions/multi_tensor/multi_tensor_scale_kernel.cu:18:
      /tmp/pip-install-vvo2gusr/transformer-engine-torch_aaa5a075d9804424a588982d20795a6e/common_headers/common/./util/logging.h:12:10: fatal error: cudnn.h: No such file or directory
         12 | #include <cudnn.h>
            |          ^~~~~~~~~
      compilation terminated.
      ninja: build stopped: subcommand failed.
      Traceback (most recent call last):
        File "<repo>/.venv_evo2cu128/lib/python3.11/site-packages/torch/utils/cpp_extension.py", line 2506, in _run_ninja_build
          subprocess.run(
        File "/usr/lib/python3.11/subprocess.py", line 571, in run
          raise CalledProcessError(retcode, process.args,
      subprocess.CalledProcessError: Command '['ninja', '-v', '-j', '16']' returned non-zero exit status 1.
      
      The above exception was the direct cause of the following exception:
      
      Traceback (most recent call last):
        File "<repo>/.venv_evo2cu128/lib/python3.11/site-packages/pip/_vendor/pyproject_hooks/_in_process/_in_process.py", line 389, in <module>
          main()
        File "<repo>/.venv_evo2cu128/lib/python3.11/site-packages/pip/_vendor/pyproject_hooks/_in_process/_in_process.py", line 373, in main
          json_out["return_val"] = hook(**hook_input["kwargs"])
                                   ^^^^^^^^^^^^^^^^^^^^^^^^^^^^
        File "<repo>/.venv_evo2cu128/lib/python3.11/site-packages/pip/_vendor/pyproject_hooks/_in_process/_in_process.py", line 280, in build_wheel
          return _build_backend().build_wheel(
                 ^^^^^^^^^^^^^^^^^^^^^^^^^^^^^
        File "<repo>/.venv_evo2cu128/lib/python3.11/site-packages/setuptools/build_meta.py", line 441, in build_wheel
          return _build(['bdist_wheel', '--dist-info-dir', str(metadata_directory)])
                 ^^^^^^^^^^^^^^^^^^^^^^^^^^^^^^^^^^^^^^^^^^^^^^^^^^^^^^^^^^^^^^^^^^^
        File "<repo>/.venv_evo2cu128/lib/python3.11/site-packages/setuptools/build_meta.py", line 429, in _build
          return self._build_with_temp_dir(
                 ^^^^^^^^^^^^^^^^^^^^^^^^^^
        File "<repo>/.venv_evo2cu128/lib/python3.11/site-packages/setuptools/build_meta.py", line 410, in _build_with_temp_dir
          self.run_setup()
        File "<repo>/.venv_evo2cu128/lib/python3.11/site-packages/setuptools/build_meta.py", line 520, in run_setup
          super().run_setup(setup_script=setup_script)
        File "<repo>/.venv_evo2cu128/lib/python3.11/site-packages/setuptools/build_meta.py", line 317, in run_setup
          exec(code, locals())
        File "<string>", line 52, in <module>
        File "<repo>/.venv_evo2cu128/lib/python3.11/site-packages/setuptools/__init__.py", line 117, in setup
          return distutils.core.setup(**attrs)  # type: ignore[return-value]
                 ^^^^^^^^^^^^^^^^^^^^^^^^^^^^^
        File "<repo>/.venv_evo2cu128/lib/python3.11/site-packages/setuptools/_distutils/core.py", line 186, in setup
          return run_commands(dist)
                 ^^^^^^^^^^^^^^^^^^
        File "<repo>/.venv_evo2cu128/lib/python3.11/site-packages/setuptools/_distutils/core.py", line 202, in run_commands
          dist.run_commands()
        File "<repo>/.venv_evo2cu128/lib/python3.11/site-packages/setuptools/_distutils/dist.py", line 1001, in run_commands
          self.run_command(cmd)
        File "<repo>/.venv_evo2cu128/lib/python3.11/site-packages/setuptools/dist.py", line 1107, in run_command
          super().run_command(command)
        File "<repo>/.venv_evo2cu128/lib/python3.11/site-packages/setuptools/_distutils/dist.py", line 1020, in run_command
          cmd_obj.run()
        File "<repo>/.venv_evo2cu128/lib/python3.11/site-packages/setuptools/command/bdist_wheel.py", line 370, in run
          self.run_command("build")
        File "<repo>/.venv_evo2cu128/lib/python3.11/site-packages/setuptools/_distutils/cmd.py", line 341, in run_command
          self.distribution.run_command(command)
        File "<repo>/.venv_evo2cu128/lib/python3.11/site-packages/setuptools/dist.py", line 1107, in run_command
          super().run_command(command)
        File "<repo>/.venv_evo2cu128/lib/python3.11/site-packages/setuptools/_distutils/dist.py", line 1020, in run_command
          cmd_obj.run()
        File "<repo>/.venv_evo2cu128/lib/python3.11/site-packages/setuptools/_distutils/command/build.py", line 135, in run
          self.run_command(cmd_name)
        File "<repo>/.venv_evo2cu128/lib/python3.11/site-packages/setuptools/_distutils/cmd.py", line 341, in run_command
          self.distribution.run_command(command)
        File "<repo>/.venv_evo2cu128/lib/python3.11/site-packages/setuptools/dist.py", line 1107, in run_command
          super().run_command(command)
        File "<repo>/.venv_evo2cu128/lib/python3.11/site-packages/setuptools/_distutils/dist.py", line 1020, in run_command
          cmd_obj.run()
        File "/tmp/pip-install-vvo2gusr/transformer-engine-torch_aaa5a075d9804424a588982d20795a6e/build_tools/build_ext.py", line 129, in run
          super().run()
        File "<repo>/.venv_evo2cu128/lib/python3.11/site-packages/setuptools/command/build_ext.py", line 97, in run
          _build_ext.run(self)
        File "<repo>/.venv_evo2cu128/lib/python3.11/site-packages/setuptools/_distutils/command/build_ext.py", line 367, in run
          self.build_extensions()
        File "/tmp/pip-install-vvo2gusr/transformer-engine-torch_aaa5a075d9804424a588982d20795a6e/build_tools/build_ext.py", line 197, in build_extensions
          super().build_extensions()
        File "<repo>/.venv_evo2cu128/lib/python3.11/site-packages/torch/utils/cpp_extension.py", line 1010, in build_extensions
          build_ext.build_extensions(self)
        File "<repo>/.venv_evo2cu128/lib/python3.11/site-packages/setuptools/_distutils/command/build_ext.py", line 483, in build_extensions
          self._build_extensions_serial()
        File "<repo>/.venv_evo2cu128/lib/python3.11/site-packages/setuptools/_distutils/command/build_ext.py", line 509, in _build_extensions_serial
          self.build_extension(ext)
        File "<repo>/.venv_evo2cu128/lib/python3.11/site-packages/setuptools/command/build_ext.py", line 262, in build_extension
          _build_ext.build_extension(self, ext)
        File "<repo>/.venv_evo2cu128/lib/python3.11/site-packages/setuptools/_distutils/command/build_ext.py", line 564, in build_extension
          objects = self.compiler.compile(
                    ^^^^^^^^^^^^^^^^^^^^^^
        File "<repo>/.venv_evo2cu128/lib/python3.11/site-packages/torch/utils/cpp_extension.py", line 815, in unix_wrap_ninja_compile
          _write_ninja_file_and_compile_objects(
        File "<repo>/.venv_evo2cu128/lib/python3.11/site-packages/torch/utils/cpp_extension.py", line 2159, in _write_ninja_file_and_compile_objects
          _run_ninja_build(
        File "<repo>/.venv_evo2cu128/lib/python3.11/site-packages/torch/utils/cpp_extension.py", line 2522, in _run_ninja_build
          raise RuntimeError(message) from e
      RuntimeError: Error compiling objects for extension
      [end of output]
  
  note: This error originates from a subprocess, and is likely not a problem with pip.
  ERROR: Failed building wheel for transformer_engine_torch
Failed to build transformer_engine_torch
error: failed-wheel-build-for-install

× Failed to build installable wheels for some pyproject.toml based projects
╰─> transformer_engine_torch
